     lambda = 0.656522 (   0.656496 )  <log w>=   99.674 K  N(Ef)= 17.383928 at degauss= 0.002
     lambda = 0.564611 (   0.564588 )  <log w>=   96.977 K  N(Ef)= 16.780744 at degauss= 0.004
     lambda = 0.576805 (   0.576780 )  <log w>=   95.664 K  N(Ef)= 17.377453 at degauss= 0.006
     lambda = 0.585803 (   0.585777 )  <log w>=   95.330 K  N(Ef)= 17.680918 at degauss= 0.008
     lambda = 0.585464 (   0.585438 )  <log w>=   95.399 K  N(Ef)= 17.659055 at degauss= 0.010
     lambda = 0.580561 (   0.580535 )  <log w>=   95.657 K  N(Ef)= 17.453704 at degauss= 0.012
     lambda = 0.573530 (   0.573504 )  <log w>=   95.991 K  N(Ef)= 17.161433 at degauss= 0.014
     lambda = 0.565403 (   0.565379 )  <log w>=   96.353 K  N(Ef)= 16.835865 at degauss= 0.016
     lambda = 0.556905 (   0.556881 )  <log w>=   96.721 K  N(Ef)= 16.504081 at degauss= 0.018
     lambda = 0.548364 (   0.548341 )  <log w>=   97.094 K  N(Ef)= 16.177430 at degauss= 0.020
     lambda = 0.539825 (   0.539802 )  <log w>=   97.445 K  N(Ef)= 15.858728 at degauss= 0.022
     lambda = 0.531164 (   0.531142 )  <log w>=   97.783 K  N(Ef)= 15.547304 at degauss= 0.024
     lambda = 0.522144 (   0.522122 )  <log w>=   98.093 K  N(Ef)= 15.242496 at degauss= 0.026
     lambda = 0.512836 (   0.512815 )  <log w>=   98.379 K  N(Ef)= 14.945920 at degauss= 0.028
     lambda = 0.502791 (   0.502770 )  <log w>=   98.638 K  N(Ef)= 14.662406 at degauss= 0.030
     lambda = 0.492280 (   0.492260 )  <log w>=   98.909 K  N(Ef)= 14.399539 at degauss= 0.032
     lambda = 0.480922 (   0.480903 )  <log w>=   99.173 K  N(Ef)= 14.166165 at degauss= 0.034
     lambda = 0.468734 (   0.468716 )  <log w>=   99.442 K  N(Ef)= 13.970543 at degauss= 0.036
     lambda = 0.455755 (   0.455737 )  <log w>=   99.698 K  N(Ef)= 13.818769 at degauss= 0.038
     lambda = 0.442481 (   0.442464 )  <log w>=  100.008 K  N(Ef)= 13.713878 at degauss= 0.040
lambda        omega_log          T_c
   0.65652        99.674              2.944
   0.56461        96.977              1.830
   0.57680        95.664              1.935
   0.58580        95.330              2.026
   0.58546        95.399              2.023
   0.58056        95.657              1.976
   0.57353        95.991              1.907
   0.56540        96.353              1.827
   0.55690        96.721              1.744
   0.54836        97.094              1.661
   0.53983        97.445              1.578
   0.53116        97.783              1.494
   0.52214        98.093              1.408
   0.51284        98.379              1.320
   0.50279        98.638              1.226
   0.49228        98.909              1.130
   0.48092        99.173              1.028
   0.46873        99.442              0.923
   0.45575        99.698              0.816
   0.44248       100.008              0.713
