
     Program MATDYN v.7.2 starts on 29Sep2026 at 11:22: 1 

     This program is part of the open-source Quantum ESPRESSO suite
     for quantum simulation of materials; please cite
         "P. Giannozzi et al., J. Phys.:Condens. Matter 21 395502 (2009);
         "P. Giannozzi et al., J. Phys.:Condens. Matter 29 465901 (2017);
         "P. Giannozzi et al., J. Chem. Phys. 152 154105 (2020);
          URL http://www.quantum-espresso.org", 
     in publications or presentations arising from this work. More details at
     http://www.quantum-espresso.org/quote

     Serial multi-threaded version, running on   32 processor cores
     2437 MiB available memory on the printing compute node when the environment starts

 mass for atomic type   1 not given; uses mass from file srnsnse.fc                                                                                                                                                                                                                                                      
 mass for atomic type   2 not given; uses mass from file srnsnse.fc                                                                                                                                                                                                                                                      
 mass for atomic type   3 not given; uses mass from file srnsnse.fc                                                                                                                                                                                                                                                      
 mass for atomic type   4 not given; uses mass from file srnsnse.fc                                                                                                                                                                                                                                                      
     Message from routine matdyn:
     Z* not found in file srnsnse.fc, TO-LO splitting at q=0 will be absent!

     MATDYN       :     10.74s CPU     10.75s WALL


   This run was terminated on:  11:22:12  29Sep2026            

=------------------------------------------------------------------------------=
   JOB DONE.
=------------------------------------------------------------------------------=
