
     Program Q2R v.7.2 starts on 29Sep2026 at 11:22: 1 

     This program is part of the open-source Quantum ESPRESSO suite
     for quantum simulation of materials; please cite
         "P. Giannozzi et al., J. Phys.:Condens. Matter 21 395502 (2009);
         "P. Giannozzi et al., J. Phys.:Condens. Matter 29 465901 (2017);
         "P. Giannozzi et al., J. Chem. Phys. 152 154105 (2020);
          URL http://www.quantum-espresso.org", 
     in publications or presentations arising from this work. More details at
     http://www.quantum-espresso.org/quote

     Serial multi-threaded version, running on   32 processor cores
     2459 MiB available memory on the printing compute node when the environment starts


  reading grid info from file srnsnse.dyn0    

  reading force constants from file srnsnse.dyn1
  Dielectric Tensor not found
  nqs=            1
 q=   0.00000000  0.00000000  0.00000000
  reading force constants from file srnsnse.dyn2
  nqs=            6
 q=   0.00000000  0.14433757  0.00000000
 q=   0.00000000 -0.14433757  0.00000000
 q=   0.12500000 -0.07216878  0.00000000
 q=  -0.12500000  0.07216878  0.00000000
 q=  -0.12500000 -0.07216878  0.00000000
 q=   0.12500000  0.07216878  0.00000000
  reading force constants from file srnsnse.dyn3
  nqs=            6
 q=   0.00000000  0.28867514  0.00000000
 q=   0.00000000 -0.28867514  0.00000000
 q=   0.25000000 -0.14433757  0.00000000
 q=  -0.25000000  0.14433757  0.00000000
 q=  -0.25000000 -0.14433757  0.00000000
 q=   0.25000000  0.14433757  0.00000000
  reading force constants from file srnsnse.dyn4
  nqs=            6
 q=   0.00000000  0.43301270  0.00000000
 q=   0.00000000 -0.43301270  0.00000000
 q=   0.37500000 -0.21650635  0.00000000
 q=  -0.37500000  0.21650635  0.00000000
 q=  -0.37500000 -0.21650635  0.00000000
 q=   0.37500000  0.21650635  0.00000000
  reading force constants from file srnsnse.dyn5
  nqs=            3
 q=   0.00000000 -0.57735027  0.00000000
 q=  -0.50000000  0.28867514  0.00000000
 q=   0.50000000  0.28867514  0.00000000
  reading force constants from file srnsnse.dyn6
  nqs=            6
 q=   0.12500000  0.21650635  0.00000000
 q=  -0.12500000  0.21650635  0.00000000
 q=   0.12500000 -0.21650635  0.00000000
 q=  -0.25000000  0.00000000  0.00000000
 q=   0.25000000  0.00000000  0.00000000
 q=  -0.12500000 -0.21650635  0.00000000
  reading force constants from file srnsnse.dyn7
  nqs=           12
 q=   0.12500000  0.36084392  0.00000000
 q=  -0.12500000 -0.36084392  0.00000000
 q=  -0.12500000  0.36084392  0.00000000
 q=   0.12500000 -0.36084392  0.00000000
 q=   0.25000000 -0.28867514  0.00000000
 q=  -0.25000000  0.28867514  0.00000000
 q=  -0.37500000 -0.07216878  0.00000000
 q=   0.37500000  0.07216878  0.00000000
 q=   0.37500000 -0.07216878  0.00000000
 q=  -0.37500000  0.07216878  0.00000000
 q=  -0.25000000 -0.28867514  0.00000000
 q=   0.25000000  0.28867514  0.00000000
  reading force constants from file srnsnse.dyn8
  nqs=           12
 q=   0.12500000  0.50518149  0.00000000
 q=  -0.12500000 -0.50518149  0.00000000
 q=  -0.12500000  0.50518149  0.00000000
 q=   0.12500000 -0.50518149  0.00000000
 q=   0.37500000 -0.36084392  0.00000000
 q=  -0.37500000  0.36084392  0.00000000
 q=  -0.50000000 -0.14433757  0.00000000
 q=   0.50000000  0.14433757  0.00000000
 q=   0.50000000 -0.14433757  0.00000000
 q=  -0.50000000  0.14433757  0.00000000
 q=  -0.37500000 -0.36084392  0.00000000
 q=   0.37500000  0.36084392  0.00000000
  reading force constants from file srnsnse.dyn9
  nqs=            6
 q=   0.25000000  0.43301270  0.00000000
 q=  -0.25000000  0.43301270  0.00000000
 q=   0.25000000 -0.43301270  0.00000000
 q=  -0.50000000  0.00000000  0.00000000
 q=   0.50000000  0.00000000  0.00000000
 q=  -0.25000000 -0.43301270  0.00000000
  reading force constants from file srnsnse.dyn10
  nqs=            6
 q=   0.25000000  0.57735027  0.00000000
 q=  -0.25000000  0.57735027  0.00000000
 q=   0.37500000 -0.50518149  0.00000000
 q=  -0.62500000 -0.07216878  0.00000000
 q=   0.62500000 -0.07216878  0.00000000
 q=  -0.37500000 -0.50518149  0.00000000

      q-space grid ok, #points =   64

      fft-check success (sum of imaginary terms < 10^-12)

     Q2R          :      0.02s CPU      0.02s WALL


   This run was terminated on:  11:22: 1  29Sep2026            

=------------------------------------------------------------------------------=
   JOB DONE.
=------------------------------------------------------------------------------=
