                                                                                      
                                       ``:oss/                                        
                           `.+s+.     .+ys--yh+     `./ss+.                           
                          -sh//yy+`   +yy   +yy    -+h+-oyy                           
                          -yh- .oyy/.-sh.   .syo-.:sy-  /yh                           
                 `.-.`    `yh+   -oyyyo.     `/syys:    oys      `.`                  
               `/+ssys+-` `sh+      `                   oys`   .:osyo`                
               -yh- ./syyooyo`                          .sys+/oyo--yh/                
               `yy+    .-:-.                             `-/+/:`  -sh-                
                /yh.                                              oys                 
          ``..---hho---------`   .---------..`      `.-----.`    -hd+---.             
       `./osmNMMMMMMMMMMMMMMMs. +NNMMMMMMMMNNmh+.   yNMMMMMNm-  oNMMMMMNmo++:`        
       +sy--/sdMMMhyyyyyyyNMMh- .oyNMMmyyyyyhNMMm+` -yMMMdyyo:` .oyyNMMNhs+syy`       
       -yy/   /MMM+.`-+/``mMMy-   `mMMh:`````.dMMN:` `MMMy-`-dhhy```mMMy:``+hs        
        -yy+` /MMMo:-mMM+`-oo/.    mMMh:     `dMMN/`  dMMm:`dMMMMy..MMMo-.+yo`        
         .sys`/MMMMNNMMMs-         mMMmyooooymMMNo:   oMMM/sMMMMMM++MMN//oh:          
          `sh+/MMMhyyMMMs- `-`     mMMMMMMMMMNmy+-`   -MMMhMMMsmMMmdMMd/yy+           
    `-/+++oyy-/MMM+.`/hh/.`mNm:`   mMMd+/////:-.`      NMMMMMd/:NMMMMMy:/yyo/:.`      
   +os+//:-..-oMMMo:--:::-/MMMo. .-mMMd+---`           hMMMMN+. oMMMMMo. `-+osyso:`   
   syo     `mNMMMMMNNNNNNNNMMMo.oNNMMMMMNNNN:`         +MMMMs:`  dMMMN/`     ``:syo   
   /yh`     :syyyyyyyyyyyyyyyy+.`+syyyyyyyyo:`         .oyys:`   .oyys:`        +yh   
   -yh-        ````````````````    `````````              ``        ``          oys   
   -+h/------------------------::::::::://////++++++++++++++++++++++///////::::/yd:   
   shdddddddddddddddddddddddddddddhhhhhhhhyyyyyssssssssssssssssyyyyyyyhhhhhhhddddh`   
                                                                                      
 Lee, H., Poncé, S., Bushick, K., Hajinazar, S., Lafuente-Bartolome, J.,Leveillee, J.,
    Lian, C., Lihm, J., Macheda, F., Mori, H., Paudyal, H., Sio, W., Tiwari, S.,      
 Zacharias, M., Zhang, X., Bonini, N., Kioupakis, E., Margine, E.R., and Giustino F., 
                                                     npj Comput Mater 9, 156 (2023)   
                                                                                      

     Program EPW v.6.0 starts on 23Sep2026 at 15:22:29 

     This program is part of the open-source Quantum ESPRESSO suite
     for quantum simulation of materials; please cite
         "P. Giannozzi et al., J. Phys.:Condens. Matter 21 395502 (2009);
         "P. Giannozzi et al., J. Phys.:Condens. Matter 29 465901 (2017);
         "P. Giannozzi et al., J. Chem. Phys. 152 154105 (2020);
          URL http://www.quantum-espresso.org", 
     in publications or presentations arising from this work. More details at
     http://www.quantum-espresso.org/quote

     Parallel version (MPI), running on     1 processors

     MPI processes distributed on     1 nodes
     1959 MiB available memory on the printing compute node when the environment starts
 
     Reading input from epw1.in
      Title line not specified: using 'default'.

     The dis_win_min is specified as      -4.0000 eV
              To get a correct nelec, calc_nelec_wann is set to .TRUE.
              If you just want to control the lower bound of band manifold, 
              try bands_skipped = 'exclude_bands = ...' instead.

     No temperature supplied. Setting temps(:) to 300 K.

     Reading xml data from directory:

     ./tmp/al.save/

     IMPORTANT: XC functional enforced from input :
     Exchange-correlation= PZ
                           (   1   1   0   0   0   0   0)
     Any further DFT definition will be discarded
     Please, verify this is what you really want

 
     G-vector sticks info
     --------------------
     sticks:   dense  smooth     PW     G-vecs:    dense   smooth      PW
     Sum         313     313    121                 3527     3527     869
 
     Using Slab Decomposition
 
     Reading collected, re-writing distributed wavefunctions

     default                                                                    

     bravais-lattice index     =            0
     lattice parameter (a_0)   =       5.2862  a.u.
     unit-cell volume          =     104.4547 (a.u.)^3
     number of atoms/cell      =            1
     number of atomic types    =            1
     kinetic-energy cut-off    =      40.0000  Ry
     charge density cut-off    =     160.0000  Ry
     Exchange-correlation= PZ
                           (   1   1   0   0   0   0   0)


     celldm(1)=    5.28625  celldm(2)=    0.00000  celldm(3)=    0.00000
     celldm(4)=    0.00000  celldm(5)=    0.00000  celldm(6)=    0.00000

     crystal axes: (cart. coord. in units of a_0)
               a(1) = ( -0.7071  0.0000  0.7071 )  
               a(2) = (  0.0000  0.7071  0.7071 )  
               a(3) = ( -0.7071  0.7071  0.0000 )  

     reciprocal axes: (cart. coord. in units 2 pi/a_0)
               b(1) = ( -0.7071 -0.7071  0.7071 )  
               b(2) = (  0.7071  0.7071  0.7071 )  
               b(3) = ( -0.7071  0.7071 -0.7071 )  


     Atoms inside the unit cell: 

   Cartesian axes

     site n.  atom      mass           positions (a_0 units)
        1     Al     26.9815   tau( 1) = (    0.00000    0.00000    0.00000  )
 
     49 Sym.Ops. (with q -> -q+G )


     G cutoff =  113.2545  (   3527 G-vectors)     FFT grid: ( 24, 24, 24)
     number of k points=  512  gaussian broad. (Ry)=  0.0200     ngauss =  -1
                       cart. coord. in units 2pi/a_0
        k(    1) = (   0.0000000   0.0000000   0.0000000), wk =   0.0039062
        k(    2) = (  -0.0883883   0.0883883  -0.0883883), wk =   0.0039062
        k(    3) = (  -0.1767767   0.1767767  -0.1767767), wk =   0.0039062
        k(    4) = (  -0.2651650   0.2651650  -0.2651650), wk =   0.0039062
        k(    5) = (  -0.3535534   0.3535534  -0.3535534), wk =   0.0039062
        k(    6) = (  -0.4419417   0.4419417  -0.4419417), wk =   0.0039062
        k(    7) = (  -0.5303301   0.5303301  -0.5303301), wk =   0.0039062
        k(    8) = (  -0.6187184   0.6187184  -0.6187184), wk =   0.0039062
        k(    9) = (   0.0883883   0.0883883   0.0883883), wk =   0.0039062
        k(   10) = (   0.0000000   0.1767767   0.0000000), wk =   0.0039062
        k(   11) = (  -0.0883883   0.2651650  -0.0883883), wk =   0.0039062
        k(   12) = (  -0.1767767   0.3535534  -0.1767767), wk =   0.0039062
        k(   13) = (  -0.2651650   0.4419417  -0.2651650), wk =   0.0039062
        k(   14) = (  -0.3535534   0.5303301  -0.3535534), wk =   0.0039062
        k(   15) = (  -0.4419417   0.6187184  -0.4419417), wk =   0.0039062
        k(   16) = (  -0.5303301   0.7071068  -0.5303301), wk =   0.0039062
        k(   17) = (   0.1767767   0.1767767   0.1767767), wk =   0.0039062
        k(   18) = (   0.0883883   0.2651650   0.0883883), wk =   0.0039062
        k(   19) = (   0.0000000   0.3535534   0.0000000), wk =   0.0039062
        k(   20) = (  -0.0883883   0.4419417  -0.0883883), wk =   0.0039062
        k(   21) = (  -0.1767767   0.5303301  -0.1767767), wk =   0.0039062
        k(   22) = (  -0.2651650   0.6187184  -0.2651650), wk =   0.0039062
        k(   23) = (  -0.3535534   0.7071068  -0.3535534), wk =   0.0039062
        k(   24) = (  -0.4419417   0.7954951  -0.4419417), wk =   0.0039062
        k(   25) = (   0.2651650   0.2651650   0.2651650), wk =   0.0039062
        k(   26) = (   0.1767767   0.3535534   0.1767767), wk =   0.0039062
        k(   27) = (   0.0883883   0.4419417   0.0883883), wk =   0.0039062
        k(   28) = (   0.0000000   0.5303301   0.0000000), wk =   0.0039062
        k(   29) = (  -0.0883883   0.6187184  -0.0883883), wk =   0.0039062
        k(   30) = (  -0.1767767   0.7071068  -0.1767767), wk =   0.0039062
        k(   31) = (  -0.2651650   0.7954951  -0.2651650), wk =   0.0039062
        k(   32) = (  -0.3535534   0.8838835  -0.3535534), wk =   0.0039062
        k(   33) = (   0.3535534   0.3535534   0.3535534), wk =   0.0039062
        k(   34) = (   0.2651650   0.4419417   0.2651650), wk =   0.0039062
        k(   35) = (   0.1767767   0.5303301   0.1767767), wk =   0.0039062
        k(   36) = (   0.0883883   0.6187184   0.0883883), wk =   0.0039062
        k(   37) = (   0.0000000   0.7071068   0.0000000), wk =   0.0039062
        k(   38) = (  -0.0883883   0.7954951  -0.0883883), wk =   0.0039062
        k(   39) = (  -0.1767767   0.8838835  -0.1767767), wk =   0.0039062
        k(   40) = (  -0.2651650   0.9722718  -0.2651650), wk =   0.0039062
        k(   41) = (   0.4419417   0.4419417   0.4419417), wk =   0.0039062
        k(   42) = (   0.3535534   0.5303301   0.3535534), wk =   0.0039062
        k(   43) = (   0.2651650   0.6187184   0.2651650), wk =   0.0039062
        k(   44) = (   0.1767767   0.7071068   0.1767767), wk =   0.0039062
        k(   45) = (   0.0883883   0.7954951   0.0883883), wk =   0.0039062
        k(   46) = (   0.0000000   0.8838835   0.0000000), wk =   0.0039062
        k(   47) = (  -0.0883883   0.9722718  -0.0883883), wk =   0.0039062
        k(   48) = (  -0.1767767   1.0606602  -0.1767767), wk =   0.0039062
        k(   49) = (   0.5303301   0.5303301   0.5303301), wk =   0.0039062
        k(   50) = (   0.4419417   0.6187184   0.4419417), wk =   0.0039062
        k(   51) = (   0.3535534   0.7071068   0.3535534), wk =   0.0039062
        k(   52) = (   0.2651650   0.7954951   0.2651650), wk =   0.0039062
        k(   53) = (   0.1767767   0.8838835   0.1767767), wk =   0.0039062
        k(   54) = (   0.0883883   0.9722718   0.0883883), wk =   0.0039062
        k(   55) = (   0.0000000   1.0606602   0.0000000), wk =   0.0039062
        k(   56) = (  -0.0883883   1.1490485  -0.0883883), wk =   0.0039062
        k(   57) = (   0.6187184   0.6187184   0.6187184), wk =   0.0039062
        k(   58) = (   0.5303301   0.7071068   0.5303301), wk =   0.0039062
        k(   59) = (   0.4419417   0.7954951   0.4419417), wk =   0.0039062
        k(   60) = (   0.3535534   0.8838835   0.3535534), wk =   0.0039062
        k(   61) = (   0.2651650   0.9722718   0.2651650), wk =   0.0039062
        k(   62) = (   0.1767767   1.0606602   0.1767767), wk =   0.0039062
        k(   63) = (   0.0883883   1.1490485   0.0883883), wk =   0.0039062
        k(   64) = (   0.0000000   1.2374369   0.0000000), wk =   0.0039062
        k(   65) = (  -0.0883883  -0.0883883   0.0883883), wk =   0.0039062
        k(   66) = (  -0.1767767   0.0000000   0.0000000), wk =   0.0039062
        k(   67) = (  -0.2651650   0.0883883  -0.0883883), wk =   0.0039062
        k(   68) = (  -0.3535534   0.1767767  -0.1767767), wk =   0.0039062
        k(   69) = (  -0.4419417   0.2651650  -0.2651650), wk =   0.0039062
        k(   70) = (  -0.5303301   0.3535534  -0.3535534), wk =   0.0039062
        k(   71) = (  -0.6187184   0.4419417  -0.4419417), wk =   0.0039062
        k(   72) = (  -0.7071068   0.5303301  -0.5303301), wk =   0.0039062
        k(   73) = (   0.0000000   0.0000000   0.1767767), wk =   0.0039062
        k(   74) = (  -0.0883883   0.0883883   0.0883883), wk =   0.0039062
        k(   75) = (  -0.1767767   0.1767767   0.0000000), wk =   0.0039062
        k(   76) = (  -0.2651650   0.2651650  -0.0883883), wk =   0.0039062
        k(   77) = (  -0.3535534   0.3535534  -0.1767767), wk =   0.0039062
        k(   78) = (  -0.4419417   0.4419417  -0.2651650), wk =   0.0039062
        k(   79) = (  -0.5303301   0.5303301  -0.3535534), wk =   0.0039062
        k(   80) = (  -0.6187184   0.6187184  -0.4419417), wk =   0.0039062
        k(   81) = (   0.0883883   0.0883883   0.2651650), wk =   0.0039062
        k(   82) = (   0.0000000   0.1767767   0.1767767), wk =   0.0039062
        k(   83) = (  -0.0883883   0.2651650   0.0883883), wk =   0.0039062
        k(   84) = (  -0.1767767   0.3535534   0.0000000), wk =   0.0039062
        k(   85) = (  -0.2651650   0.4419417  -0.0883883), wk =   0.0039062
        k(   86) = (  -0.3535534   0.5303301  -0.1767767), wk =   0.0039062
        k(   87) = (  -0.4419417   0.6187184  -0.2651650), wk =   0.0039062
        k(   88) = (  -0.5303301   0.7071068  -0.3535534), wk =   0.0039062
        k(   89) = (   0.1767767   0.1767767   0.3535534), wk =   0.0039062
        k(   90) = (   0.0883883   0.2651650   0.2651650), wk =   0.0039062
        k(   91) = (   0.0000000   0.3535534   0.1767767), wk =   0.0039062
        k(   92) = (  -0.0883883   0.4419417   0.0883883), wk =   0.0039062
        k(   93) = (  -0.1767767   0.5303301   0.0000000), wk =   0.0039062
        k(   94) = (  -0.2651650   0.6187184  -0.0883883), wk =   0.0039062
        k(   95) = (  -0.3535534   0.7071068  -0.1767767), wk =   0.0039062
        k(   96) = (  -0.4419417   0.7954951  -0.2651650), wk =   0.0039062
        k(   97) = (   0.2651650   0.2651650   0.4419417), wk =   0.0039062
        k(   98) = (   0.1767767   0.3535534   0.3535534), wk =   0.0039062
        k(   99) = (   0.0883883   0.4419417   0.2651650), wk =   0.0039062
        k(  100) = (   0.0000000   0.5303301   0.1767767), wk =   0.0039062
        k(  101) = (  -0.0883883   0.6187184   0.0883883), wk =   0.0039062
        k(  102) = (  -0.1767767   0.7071068   0.0000000), wk =   0.0039062
        k(  103) = (  -0.2651650   0.7954951  -0.0883883), wk =   0.0039062
        k(  104) = (  -0.3535534   0.8838835  -0.1767767), wk =   0.0039062
        k(  105) = (   0.3535534   0.3535534   0.5303301), wk =   0.0039062
        k(  106) = (   0.2651650   0.4419417   0.4419417), wk =   0.0039062
        k(  107) = (   0.1767767   0.5303301   0.3535534), wk =   0.0039062
        k(  108) = (   0.0883883   0.6187184   0.2651650), wk =   0.0039062
        k(  109) = (   0.0000000   0.7071068   0.1767767), wk =   0.0039062
        k(  110) = (  -0.0883883   0.7954951   0.0883883), wk =   0.0039062
        k(  111) = (  -0.1767767   0.8838835   0.0000000), wk =   0.0039062
        k(  112) = (  -0.2651650   0.9722718  -0.0883883), wk =   0.0039062
        k(  113) = (   0.4419417   0.4419417   0.6187184), wk =   0.0039062
        k(  114) = (   0.3535534   0.5303301   0.5303301), wk =   0.0039062
        k(  115) = (   0.2651650   0.6187184   0.4419417), wk =   0.0039062
        k(  116) = (   0.1767767   0.7071068   0.3535534), wk =   0.0039062
        k(  117) = (   0.0883883   0.7954951   0.2651650), wk =   0.0039062
        k(  118) = (   0.0000000   0.8838835   0.1767767), wk =   0.0039062
        k(  119) = (  -0.0883883   0.9722718   0.0883883), wk =   0.0039062
        k(  120) = (  -0.1767767   1.0606602   0.0000000), wk =   0.0039062
        k(  121) = (   0.5303301   0.5303301   0.7071068), wk =   0.0039062
        k(  122) = (   0.4419417   0.6187184   0.6187184), wk =   0.0039062
        k(  123) = (   0.3535534   0.7071068   0.5303301), wk =   0.0039062
        k(  124) = (   0.2651650   0.7954951   0.4419417), wk =   0.0039062
        k(  125) = (   0.1767767   0.8838835   0.3535534), wk =   0.0039062
        k(  126) = (   0.0883883   0.9722718   0.2651650), wk =   0.0039062
        k(  127) = (  -0.0000000   1.0606602   0.1767767), wk =   0.0039062
        k(  128) = (  -0.0883883   1.1490485   0.0883883), wk =   0.0039062
        k(  129) = (  -0.1767767  -0.1767767   0.1767767), wk =   0.0039062
        k(  130) = (  -0.2651650  -0.0883883   0.0883883), wk =   0.0039062
        k(  131) = (  -0.3535534   0.0000000   0.0000000), wk =   0.0039062
        k(  132) = (  -0.4419417   0.0883883  -0.0883883), wk =   0.0039062
        k(  133) = (  -0.5303301   0.1767767  -0.1767767), wk =   0.0039062
        k(  134) = (  -0.6187184   0.2651650  -0.2651650), wk =   0.0039062
        k(  135) = (  -0.7071068   0.3535534  -0.3535534), wk =   0.0039062
        k(  136) = (  -0.7954951   0.4419417  -0.4419417), wk =   0.0039062
        k(  137) = (  -0.0883883  -0.0883883   0.2651650), wk =   0.0039062
        k(  138) = (  -0.1767767   0.0000000   0.1767767), wk =   0.0039062
        k(  139) = (  -0.2651650   0.0883883   0.0883883), wk =   0.0039062
        k(  140) = (  -0.3535534   0.1767767   0.0000000), wk =   0.0039062
        k(  141) = (  -0.4419417   0.2651650  -0.0883883), wk =   0.0039062
        k(  142) = (  -0.5303301   0.3535534  -0.1767767), wk =   0.0039062
        k(  143) = (  -0.6187184   0.4419417  -0.2651650), wk =   0.0039062
        k(  144) = (  -0.7071068   0.5303301  -0.3535534), wk =   0.0039062
        k(  145) = (   0.0000000   0.0000000   0.3535534), wk =   0.0039062
        k(  146) = (  -0.0883883   0.0883883   0.2651650), wk =   0.0039062
        k(  147) = (  -0.1767767   0.1767767   0.1767767), wk =   0.0039062
        k(  148) = (  -0.2651650   0.2651650   0.0883883), wk =   0.0039062
        k(  149) = (  -0.3535534   0.3535534   0.0000000), wk =   0.0039062
        k(  150) = (  -0.4419417   0.4419417  -0.0883883), wk =   0.0039062
        k(  151) = (  -0.5303301   0.5303301  -0.1767767), wk =   0.0039062
        k(  152) = (  -0.6187184   0.6187184  -0.2651650), wk =   0.0039062
        k(  153) = (   0.0883883   0.0883883   0.4419417), wk =   0.0039062
        k(  154) = (   0.0000000   0.1767767   0.3535534), wk =   0.0039062
        k(  155) = (  -0.0883883   0.2651650   0.2651650), wk =   0.0039062
        k(  156) = (  -0.1767767   0.3535534   0.1767767), wk =   0.0039062
        k(  157) = (  -0.2651650   0.4419417   0.0883883), wk =   0.0039062
        k(  158) = (  -0.3535534   0.5303301   0.0000000), wk =   0.0039062
        k(  159) = (  -0.4419417   0.6187184  -0.0883883), wk =   0.0039062
        k(  160) = (  -0.5303301   0.7071068  -0.1767767), wk =   0.0039062
        k(  161) = (   0.1767767   0.1767767   0.5303301), wk =   0.0039062
        k(  162) = (   0.0883883   0.2651650   0.4419417), wk =   0.0039062
        k(  163) = (   0.0000000   0.3535534   0.3535534), wk =   0.0039062
        k(  164) = (  -0.0883883   0.4419417   0.2651650), wk =   0.0039062
        k(  165) = (  -0.1767767   0.5303301   0.1767767), wk =   0.0039062
        k(  166) = (  -0.2651650   0.6187184   0.0883883), wk =   0.0039062
        k(  167) = (  -0.3535534   0.7071068   0.0000000), wk =   0.0039062
        k(  168) = (  -0.4419417   0.7954951  -0.0883883), wk =   0.0039062
        k(  169) = (   0.2651650   0.2651650   0.6187184), wk =   0.0039062
        k(  170) = (   0.1767767   0.3535534   0.5303301), wk =   0.0039062
        k(  171) = (   0.0883883   0.4419417   0.4419417), wk =   0.0039062
        k(  172) = (   0.0000000   0.5303301   0.3535534), wk =   0.0039062
        k(  173) = (  -0.0883883   0.6187184   0.2651650), wk =   0.0039062
        k(  174) = (  -0.1767767   0.7071068   0.1767767), wk =   0.0039062
        k(  175) = (  -0.2651650   0.7954951   0.0883883), wk =   0.0039062
        k(  176) = (  -0.3535534   0.8838835   0.0000000), wk =   0.0039062
        k(  177) = (   0.3535534   0.3535534   0.7071068), wk =   0.0039062
        k(  178) = (   0.2651650   0.4419417   0.6187184), wk =   0.0039062
        k(  179) = (   0.1767767   0.5303301   0.5303301), wk =   0.0039062
        k(  180) = (   0.0883883   0.6187184   0.4419417), wk =   0.0039062
        k(  181) = (   0.0000000   0.7071068   0.3535534), wk =   0.0039062
        k(  182) = (  -0.0883883   0.7954951   0.2651650), wk =   0.0039062
        k(  183) = (  -0.1767767   0.8838835   0.1767767), wk =   0.0039062
        k(  184) = (  -0.2651650   0.9722718   0.0883883), wk =   0.0039062
        k(  185) = (   0.4419417   0.4419417   0.7954951), wk =   0.0039062
        k(  186) = (   0.3535534   0.5303301   0.7071068), wk =   0.0039062
        k(  187) = (   0.2651650   0.6187184   0.6187184), wk =   0.0039062
        k(  188) = (   0.1767767   0.7071068   0.5303301), wk =   0.0039062
        k(  189) = (   0.0883883   0.7954951   0.4419417), wk =   0.0039062
        k(  190) = (   0.0000000   0.8838835   0.3535534), wk =   0.0039062
        k(  191) = (  -0.0883883   0.9722718   0.2651650), wk =   0.0039062
        k(  192) = (  -0.1767767   1.0606602   0.1767767), wk =   0.0039062
        k(  193) = (  -0.2651650  -0.2651650   0.2651650), wk =   0.0039062
        k(  194) = (  -0.3535534  -0.1767767   0.1767767), wk =   0.0039062
        k(  195) = (  -0.4419417  -0.0883883   0.0883883), wk =   0.0039062
        k(  196) = (  -0.5303301   0.0000000   0.0000000), wk =   0.0039062
        k(  197) = (  -0.6187184   0.0883883  -0.0883883), wk =   0.0039062
        k(  198) = (  -0.7071068   0.1767767  -0.1767767), wk =   0.0039062
        k(  199) = (  -0.7954951   0.2651650  -0.2651650), wk =   0.0039062
        k(  200) = (  -0.8838835   0.3535534  -0.3535534), wk =   0.0039062
        k(  201) = (  -0.1767767  -0.1767767   0.3535534), wk =   0.0039062
        k(  202) = (  -0.2651650  -0.0883883   0.2651650), wk =   0.0039062
        k(  203) = (  -0.3535534  -0.0000000   0.1767767), wk =   0.0039062
        k(  204) = (  -0.4419417   0.0883883   0.0883883), wk =   0.0039062
        k(  205) = (  -0.5303301   0.1767767   0.0000000), wk =   0.0039062
        k(  206) = (  -0.6187184   0.2651650  -0.0883883), wk =   0.0039062
        k(  207) = (  -0.7071068   0.3535534  -0.1767767), wk =   0.0039062
        k(  208) = (  -0.7954951   0.4419417  -0.2651650), wk =   0.0039062
        k(  209) = (  -0.0883883  -0.0883883   0.4419417), wk =   0.0039062
        k(  210) = (  -0.1767767  -0.0000000   0.3535534), wk =   0.0039062
        k(  211) = (  -0.2651650   0.0883883   0.2651650), wk =   0.0039062
        k(  212) = (  -0.3535534   0.1767767   0.1767767), wk =   0.0039062
        k(  213) = (  -0.4419417   0.2651650   0.0883883), wk =   0.0039062
        k(  214) = (  -0.5303301   0.3535534   0.0000000), wk =   0.0039062
        k(  215) = (  -0.6187184   0.4419417  -0.0883883), wk =   0.0039062
        k(  216) = (  -0.7071068   0.5303301  -0.1767767), wk =   0.0039062
        k(  217) = (   0.0000000   0.0000000   0.5303301), wk =   0.0039062
        k(  218) = (  -0.0883883   0.0883883   0.4419417), wk =   0.0039062
        k(  219) = (  -0.1767767   0.1767767   0.3535534), wk =   0.0039062
        k(  220) = (  -0.2651650   0.2651650   0.2651650), wk =   0.0039062
        k(  221) = (  -0.3535534   0.3535534   0.1767767), wk =   0.0039062
        k(  222) = (  -0.4419417   0.4419417   0.0883883), wk =   0.0039062
        k(  223) = (  -0.5303301   0.5303301   0.0000000), wk =   0.0039062
        k(  224) = (  -0.6187184   0.6187184  -0.0883883), wk =   0.0039062
        k(  225) = (   0.0883883   0.0883883   0.6187184), wk =   0.0039062
        k(  226) = (  -0.0000000   0.1767767   0.5303301), wk =   0.0039062
        k(  227) = (  -0.0883883   0.2651650   0.4419417), wk =   0.0039062
        k(  228) = (  -0.1767767   0.3535534   0.3535534), wk =   0.0039062
        k(  229) = (  -0.2651650   0.4419417   0.2651650), wk =   0.0039062
        k(  230) = (  -0.3535534   0.5303301   0.1767767), wk =   0.0039062
        k(  231) = (  -0.4419417   0.6187184   0.0883883), wk =   0.0039062
        k(  232) = (  -0.5303301   0.7071068   0.0000000), wk =   0.0039062
        k(  233) = (   0.1767767   0.1767767   0.7071068), wk =   0.0039062
        k(  234) = (   0.0883883   0.2651650   0.6187184), wk =   0.0039062
        k(  235) = (  -0.0000000   0.3535534   0.5303301), wk =   0.0039062
        k(  236) = (  -0.0883883   0.4419417   0.4419417), wk =   0.0039062
        k(  237) = (  -0.1767767   0.5303301   0.3535534), wk =   0.0039062
        k(  238) = (  -0.2651650   0.6187184   0.2651650), wk =   0.0039062
        k(  239) = (  -0.3535534   0.7071068   0.1767767), wk =   0.0039062
        k(  240) = (  -0.4419417   0.7954951   0.0883883), wk =   0.0039062
        k(  241) = (   0.2651650   0.2651650   0.7954951), wk =   0.0039062
        k(  242) = (   0.1767767   0.3535534   0.7071068), wk =   0.0039062
        k(  243) = (   0.0883883   0.4419417   0.6187184), wk =   0.0039062
        k(  244) = (   0.0000000   0.5303301   0.5303301), wk =   0.0039062
        k(  245) = (  -0.0883883   0.6187184   0.4419417), wk =   0.0039062
        k(  246) = (  -0.1767767   0.7071068   0.3535534), wk =   0.0039062
        k(  247) = (  -0.2651650   0.7954951   0.2651650), wk =   0.0039062
        k(  248) = (  -0.3535534   0.8838835   0.1767767), wk =   0.0039062
        k(  249) = (   0.3535534   0.3535534   0.8838835), wk =   0.0039062
        k(  250) = (   0.2651650   0.4419417   0.7954951), wk =   0.0039062
        k(  251) = (   0.1767767   0.5303301   0.7071068), wk =   0.0039062
        k(  252) = (   0.0883883   0.6187184   0.6187184), wk =   0.0039062
        k(  253) = (  -0.0000000   0.7071068   0.5303301), wk =   0.0039062
        k(  254) = (  -0.0883883   0.7954951   0.4419417), wk =   0.0039062
        k(  255) = (  -0.1767767   0.8838835   0.3535534), wk =   0.0039062
        k(  256) = (  -0.2651650   0.9722718   0.2651650), wk =   0.0039062
        k(  257) = (  -0.3535534  -0.3535534   0.3535534), wk =   0.0039062
        k(  258) = (  -0.4419417  -0.2651650   0.2651650), wk =   0.0039062
        k(  259) = (  -0.5303301  -0.1767767   0.1767767), wk =   0.0039062
        k(  260) = (  -0.6187184  -0.0883883   0.0883883), wk =   0.0039062
        k(  261) = (  -0.7071068   0.0000000   0.0000000), wk =   0.0039062
        k(  262) = (  -0.7954951   0.0883883  -0.0883883), wk =   0.0039062
        k(  263) = (  -0.8838835   0.1767767  -0.1767767), wk =   0.0039062
        k(  264) = (  -0.9722718   0.2651650  -0.2651650), wk =   0.0039062
        k(  265) = (  -0.2651650  -0.2651650   0.4419417), wk =   0.0039062
        k(  266) = (  -0.3535534  -0.1767767   0.3535534), wk =   0.0039062
        k(  267) = (  -0.4419417  -0.0883883   0.2651650), wk =   0.0039062
        k(  268) = (  -0.5303301   0.0000000   0.1767767), wk =   0.0039062
        k(  269) = (  -0.6187184   0.0883883   0.0883883), wk =   0.0039062
        k(  270) = (  -0.7071068   0.1767767   0.0000000), wk =   0.0039062
        k(  271) = (  -0.7954951   0.2651650  -0.0883883), wk =   0.0039062
        k(  272) = (  -0.8838835   0.3535534  -0.1767767), wk =   0.0039062
        k(  273) = (  -0.1767767  -0.1767767   0.5303301), wk =   0.0039062
        k(  274) = (  -0.2651650  -0.0883883   0.4419417), wk =   0.0039062
        k(  275) = (  -0.3535534   0.0000000   0.3535534), wk =   0.0039062
        k(  276) = (  -0.4419417   0.0883883   0.2651650), wk =   0.0039062
        k(  277) = (  -0.5303301   0.1767767   0.1767767), wk =   0.0039062
        k(  278) = (  -0.6187184   0.2651650   0.0883883), wk =   0.0039062
        k(  279) = (  -0.7071068   0.3535534   0.0000000), wk =   0.0039062
        k(  280) = (  -0.7954951   0.4419417  -0.0883883), wk =   0.0039062
        k(  281) = (  -0.0883883  -0.0883883   0.6187184), wk =   0.0039062
        k(  282) = (  -0.1767767   0.0000000   0.5303301), wk =   0.0039062
        k(  283) = (  -0.2651650   0.0883883   0.4419417), wk =   0.0039062
        k(  284) = (  -0.3535534   0.1767767   0.3535534), wk =   0.0039062
        k(  285) = (  -0.4419417   0.2651650   0.2651650), wk =   0.0039062
        k(  286) = (  -0.5303301   0.3535534   0.1767767), wk =   0.0039062
        k(  287) = (  -0.6187184   0.4419417   0.0883883), wk =   0.0039062
        k(  288) = (  -0.7071068   0.5303301   0.0000000), wk =   0.0039062
        k(  289) = (   0.0000000   0.0000000   0.7071068), wk =   0.0039062
        k(  290) = (  -0.0883883   0.0883883   0.6187184), wk =   0.0039062
        k(  291) = (  -0.1767767   0.1767767   0.5303301), wk =   0.0039062
        k(  292) = (  -0.2651650   0.2651650   0.4419417), wk =   0.0039062
        k(  293) = (  -0.3535534   0.3535534   0.3535534), wk =   0.0039062
        k(  294) = (  -0.4419417   0.4419417   0.2651650), wk =   0.0039062
        k(  295) = (  -0.5303301   0.5303301   0.1767767), wk =   0.0039062
        k(  296) = (  -0.6187184   0.6187184   0.0883883), wk =   0.0039062
        k(  297) = (   0.0883883   0.0883883   0.7954951), wk =   0.0039062
        k(  298) = (  -0.0000000   0.1767767   0.7071068), wk =   0.0039062
        k(  299) = (  -0.0883883   0.2651650   0.6187184), wk =   0.0039062
        k(  300) = (  -0.1767767   0.3535534   0.5303301), wk =   0.0039062
        k(  301) = (  -0.2651650   0.4419417   0.4419417), wk =   0.0039062
        k(  302) = (  -0.3535534   0.5303301   0.3535534), wk =   0.0039062
        k(  303) = (  -0.4419417   0.6187184   0.2651650), wk =   0.0039062
        k(  304) = (  -0.5303301   0.7071068   0.1767767), wk =   0.0039062
        k(  305) = (   0.1767767   0.1767767   0.8838835), wk =   0.0039062
        k(  306) = (   0.0883883   0.2651650   0.7954951), wk =   0.0039062
        k(  307) = (   0.0000000   0.3535534   0.7071068), wk =   0.0039062
        k(  308) = (  -0.0883883   0.4419417   0.6187184), wk =   0.0039062
        k(  309) = (  -0.1767767   0.5303301   0.5303301), wk =   0.0039062
        k(  310) = (  -0.2651650   0.6187184   0.4419417), wk =   0.0039062
        k(  311) = (  -0.3535534   0.7071068   0.3535534), wk =   0.0039062
        k(  312) = (  -0.4419417   0.7954951   0.2651650), wk =   0.0039062
        k(  313) = (   0.2651650   0.2651650   0.9722718), wk =   0.0039062
        k(  314) = (   0.1767767   0.3535534   0.8838835), wk =   0.0039062
        k(  315) = (   0.0883883   0.4419417   0.7954951), wk =   0.0039062
        k(  316) = (  -0.0000000   0.5303301   0.7071068), wk =   0.0039062
        k(  317) = (  -0.0883883   0.6187184   0.6187184), wk =   0.0039062
        k(  318) = (  -0.1767767   0.7071068   0.5303301), wk =   0.0039062
        k(  319) = (  -0.2651650   0.7954951   0.4419417), wk =   0.0039062
        k(  320) = (  -0.3535534   0.8838835   0.3535534), wk =   0.0039062
        k(  321) = (  -0.4419417  -0.4419417   0.4419417), wk =   0.0039062
        k(  322) = (  -0.5303301  -0.3535534   0.3535534), wk =   0.0039062
        k(  323) = (  -0.6187184  -0.2651650   0.2651650), wk =   0.0039062
        k(  324) = (  -0.7071068  -0.1767767   0.1767767), wk =   0.0039062
        k(  325) = (  -0.7954951  -0.0883883   0.0883883), wk =   0.0039062
        k(  326) = (  -0.8838835   0.0000000   0.0000000), wk =   0.0039062
        k(  327) = (  -0.9722718   0.0883883  -0.0883883), wk =   0.0039062
        k(  328) = (  -1.0606602   0.1767767  -0.1767767), wk =   0.0039062
        k(  329) = (  -0.3535534  -0.3535534   0.5303301), wk =   0.0039062
        k(  330) = (  -0.4419417  -0.2651650   0.4419417), wk =   0.0039062
        k(  331) = (  -0.5303301  -0.1767767   0.3535534), wk =   0.0039062
        k(  332) = (  -0.6187184  -0.0883883   0.2651650), wk =   0.0039062
        k(  333) = (  -0.7071068   0.0000000   0.1767767), wk =   0.0039062
        k(  334) = (  -0.7954951   0.0883883   0.0883883), wk =   0.0039062
        k(  335) = (  -0.8838835   0.1767767   0.0000000), wk =   0.0039062
        k(  336) = (  -0.9722718   0.2651650  -0.0883883), wk =   0.0039062
        k(  337) = (  -0.2651650  -0.2651650   0.6187184), wk =   0.0039062
        k(  338) = (  -0.3535534  -0.1767767   0.5303301), wk =   0.0039062
        k(  339) = (  -0.4419417  -0.0883883   0.4419417), wk =   0.0039062
        k(  340) = (  -0.5303301   0.0000000   0.3535534), wk =   0.0039062
        k(  341) = (  -0.6187184   0.0883883   0.2651650), wk =   0.0039062
        k(  342) = (  -0.7071068   0.1767767   0.1767767), wk =   0.0039062
        k(  343) = (  -0.7954951   0.2651650   0.0883883), wk =   0.0039062
        k(  344) = (  -0.8838835   0.3535534   0.0000000), wk =   0.0039062
        k(  345) = (  -0.1767767  -0.1767767   0.7071068), wk =   0.0039062
        k(  346) = (  -0.2651650  -0.0883883   0.6187184), wk =   0.0039062
        k(  347) = (  -0.3535534   0.0000000   0.5303301), wk =   0.0039062
        k(  348) = (  -0.4419417   0.0883883   0.4419417), wk =   0.0039062
        k(  349) = (  -0.5303301   0.1767767   0.3535534), wk =   0.0039062
        k(  350) = (  -0.6187184   0.2651650   0.2651650), wk =   0.0039062
        k(  351) = (  -0.7071068   0.3535534   0.1767767), wk =   0.0039062
        k(  352) = (  -0.7954951   0.4419417   0.0883883), wk =   0.0039062
        k(  353) = (  -0.0883883  -0.0883883   0.7954951), wk =   0.0039062
        k(  354) = (  -0.1767767   0.0000000   0.7071068), wk =   0.0039062
        k(  355) = (  -0.2651650   0.0883883   0.6187184), wk =   0.0039062
        k(  356) = (  -0.3535534   0.1767767   0.5303301), wk =   0.0039062
        k(  357) = (  -0.4419417   0.2651650   0.4419417), wk =   0.0039062
        k(  358) = (  -0.5303301   0.3535534   0.3535534), wk =   0.0039062
        k(  359) = (  -0.6187184   0.4419417   0.2651650), wk =   0.0039062
        k(  360) = (  -0.7071068   0.5303301   0.1767767), wk =   0.0039062
        k(  361) = (   0.0000000   0.0000000   0.8838835), wk =   0.0039062
        k(  362) = (  -0.0883883   0.0883883   0.7954951), wk =   0.0039062
        k(  363) = (  -0.1767767   0.1767767   0.7071068), wk =   0.0039062
        k(  364) = (  -0.2651650   0.2651650   0.6187184), wk =   0.0039062
        k(  365) = (  -0.3535534   0.3535534   0.5303301), wk =   0.0039062
        k(  366) = (  -0.4419417   0.4419417   0.4419417), wk =   0.0039062
        k(  367) = (  -0.5303301   0.5303301   0.3535534), wk =   0.0039062
        k(  368) = (  -0.6187184   0.6187184   0.2651650), wk =   0.0039062
        k(  369) = (   0.0883883   0.0883883   0.9722718), wk =   0.0039062
        k(  370) = (   0.0000000   0.1767767   0.8838835), wk =   0.0039062
        k(  371) = (  -0.0883883   0.2651650   0.7954951), wk =   0.0039062
        k(  372) = (  -0.1767767   0.3535534   0.7071068), wk =   0.0039062
        k(  373) = (  -0.2651650   0.4419417   0.6187184), wk =   0.0039062
        k(  374) = (  -0.3535534   0.5303301   0.5303301), wk =   0.0039062
        k(  375) = (  -0.4419417   0.6187184   0.4419417), wk =   0.0039062
        k(  376) = (  -0.5303301   0.7071068   0.3535534), wk =   0.0039062
        k(  377) = (   0.1767767   0.1767767   1.0606602), wk =   0.0039062
        k(  378) = (   0.0883883   0.2651650   0.9722718), wk =   0.0039062
        k(  379) = (  -0.0000000   0.3535534   0.8838835), wk =   0.0039062
        k(  380) = (  -0.0883883   0.4419417   0.7954951), wk =   0.0039062
        k(  381) = (  -0.1767767   0.5303301   0.7071068), wk =   0.0039062
        k(  382) = (  -0.2651650   0.6187184   0.6187184), wk =   0.0039062
        k(  383) = (  -0.3535534   0.7071068   0.5303301), wk =   0.0039062
        k(  384) = (  -0.4419417   0.7954951   0.4419417), wk =   0.0039062
        k(  385) = (  -0.5303301  -0.5303301   0.5303301), wk =   0.0039062
        k(  386) = (  -0.6187184  -0.4419417   0.4419417), wk =   0.0039062
        k(  387) = (  -0.7071068  -0.3535534   0.3535534), wk =   0.0039062
        k(  388) = (  -0.7954951  -0.2651650   0.2651650), wk =   0.0039062
        k(  389) = (  -0.8838835  -0.1767767   0.1767767), wk =   0.0039062
        k(  390) = (  -0.9722718  -0.0883883   0.0883883), wk =   0.0039062
        k(  391) = (  -1.0606602   0.0000000   0.0000000), wk =   0.0039062
        k(  392) = (  -1.1490485   0.0883883  -0.0883883), wk =   0.0039062
        k(  393) = (  -0.4419417  -0.4419417   0.6187184), wk =   0.0039062
        k(  394) = (  -0.5303301  -0.3535534   0.5303301), wk =   0.0039062
        k(  395) = (  -0.6187184  -0.2651650   0.4419417), wk =   0.0039062
        k(  396) = (  -0.7071068  -0.1767767   0.3535534), wk =   0.0039062
        k(  397) = (  -0.7954951  -0.0883883   0.2651650), wk =   0.0039062
        k(  398) = (  -0.8838835  -0.0000000   0.1767767), wk =   0.0039062
        k(  399) = (  -0.9722718   0.0883883   0.0883883), wk =   0.0039062
        k(  400) = (  -1.0606602   0.1767767   0.0000000), wk =   0.0039062
        k(  401) = (  -0.3535534  -0.3535534   0.7071068), wk =   0.0039062
        k(  402) = (  -0.4419417  -0.2651650   0.6187184), wk =   0.0039062
        k(  403) = (  -0.5303301  -0.1767767   0.5303301), wk =   0.0039062
        k(  404) = (  -0.6187184  -0.0883883   0.4419417), wk =   0.0039062
        k(  405) = (  -0.7071068  -0.0000000   0.3535534), wk =   0.0039062
        k(  406) = (  -0.7954951   0.0883883   0.2651650), wk =   0.0039062
        k(  407) = (  -0.8838835   0.1767767   0.1767767), wk =   0.0039062
        k(  408) = (  -0.9722718   0.2651650   0.0883883), wk =   0.0039062
        k(  409) = (  -0.2651650  -0.2651650   0.7954951), wk =   0.0039062
        k(  410) = (  -0.3535534  -0.1767767   0.7071068), wk =   0.0039062
        k(  411) = (  -0.4419417  -0.0883883   0.6187184), wk =   0.0039062
        k(  412) = (  -0.5303301   0.0000000   0.5303301), wk =   0.0039062
        k(  413) = (  -0.6187184   0.0883883   0.4419417), wk =   0.0039062
        k(  414) = (  -0.7071068   0.1767767   0.3535534), wk =   0.0039062
        k(  415) = (  -0.7954951   0.2651650   0.2651650), wk =   0.0039062
        k(  416) = (  -0.8838835   0.3535534   0.1767767), wk =   0.0039062
        k(  417) = (  -0.1767767  -0.1767767   0.8838835), wk =   0.0039062
        k(  418) = (  -0.2651650  -0.0883883   0.7954951), wk =   0.0039062
        k(  419) = (  -0.3535534  -0.0000000   0.7071068), wk =   0.0039062
        k(  420) = (  -0.4419417   0.0883883   0.6187184), wk =   0.0039062
        k(  421) = (  -0.5303301   0.1767767   0.5303301), wk =   0.0039062
        k(  422) = (  -0.6187184   0.2651650   0.4419417), wk =   0.0039062
        k(  423) = (  -0.7071068   0.3535534   0.3535534), wk =   0.0039062
        k(  424) = (  -0.7954951   0.4419417   0.2651650), wk =   0.0039062
        k(  425) = (  -0.0883883  -0.0883883   0.9722718), wk =   0.0039062
        k(  426) = (  -0.1767767  -0.0000000   0.8838835), wk =   0.0039062
        k(  427) = (  -0.2651650   0.0883883   0.7954951), wk =   0.0039062
        k(  428) = (  -0.3535534   0.1767767   0.7071068), wk =   0.0039062
        k(  429) = (  -0.4419417   0.2651650   0.6187184), wk =   0.0039062
        k(  430) = (  -0.5303301   0.3535534   0.5303301), wk =   0.0039062
        k(  431) = (  -0.6187184   0.4419417   0.4419417), wk =   0.0039062
        k(  432) = (  -0.7071068   0.5303301   0.3535534), wk =   0.0039062
        k(  433) = (   0.0000000   0.0000000   1.0606602), wk =   0.0039062
        k(  434) = (  -0.0883883   0.0883883   0.9722718), wk =   0.0039062
        k(  435) = (  -0.1767767   0.1767767   0.8838835), wk =   0.0039062
        k(  436) = (  -0.2651650   0.2651650   0.7954951), wk =   0.0039062
        k(  437) = (  -0.3535534   0.3535534   0.7071068), wk =   0.0039062
        k(  438) = (  -0.4419417   0.4419417   0.6187184), wk =   0.0039062
        k(  439) = (  -0.5303301   0.5303301   0.5303301), wk =   0.0039062
        k(  440) = (  -0.6187184   0.6187184   0.4419417), wk =   0.0039062
        k(  441) = (   0.0883883   0.0883883   1.1490485), wk =   0.0039062
        k(  442) = (  -0.0000000   0.1767767   1.0606602), wk =   0.0039062
        k(  443) = (  -0.0883883   0.2651650   0.9722718), wk =   0.0039062
        k(  444) = (  -0.1767767   0.3535534   0.8838835), wk =   0.0039062
        k(  445) = (  -0.2651650   0.4419417   0.7954951), wk =   0.0039062
        k(  446) = (  -0.3535534   0.5303301   0.7071068), wk =   0.0039062
        k(  447) = (  -0.4419417   0.6187184   0.6187184), wk =   0.0039062
        k(  448) = (  -0.5303301   0.7071068   0.5303301), wk =   0.0039062
        k(  449) = (  -0.6187184  -0.6187184   0.6187184), wk =   0.0039062
        k(  450) = (  -0.7071068  -0.5303301   0.5303301), wk =   0.0039062
        k(  451) = (  -0.7954951  -0.4419417   0.4419417), wk =   0.0039062
        k(  452) = (  -0.8838835  -0.3535534   0.3535534), wk =   0.0039062
        k(  453) = (  -0.9722718  -0.2651650   0.2651650), wk =   0.0039062
        k(  454) = (  -1.0606602  -0.1767767   0.1767767), wk =   0.0039062
        k(  455) = (  -1.1490485  -0.0883883   0.0883883), wk =   0.0039062
        k(  456) = (  -1.2374369   0.0000000   0.0000000), wk =   0.0039062
        k(  457) = (  -0.5303301  -0.5303301   0.7071068), wk =   0.0039062
        k(  458) = (  -0.6187184  -0.4419417   0.6187184), wk =   0.0039062
        k(  459) = (  -0.7071068  -0.3535534   0.5303301), wk =   0.0039062
        k(  460) = (  -0.7954951  -0.2651650   0.4419417), wk =   0.0039062
        k(  461) = (  -0.8838835  -0.1767767   0.3535534), wk =   0.0039062
        k(  462) = (  -0.9722718  -0.0883883   0.2651650), wk =   0.0039062
        k(  463) = (  -1.0606602   0.0000000   0.1767767), wk =   0.0039062
        k(  464) = (  -1.1490485   0.0883883   0.0883883), wk =   0.0039062
        k(  465) = (  -0.4419417  -0.4419417   0.7954951), wk =   0.0039062
        k(  466) = (  -0.5303301  -0.3535534   0.7071068), wk =   0.0039062
        k(  467) = (  -0.6187184  -0.2651650   0.6187184), wk =   0.0039062
        k(  468) = (  -0.7071068  -0.1767767   0.5303301), wk =   0.0039062
        k(  469) = (  -0.7954951  -0.0883883   0.4419417), wk =   0.0039062
        k(  470) = (  -0.8838835   0.0000000   0.3535534), wk =   0.0039062
        k(  471) = (  -0.9722718   0.0883883   0.2651650), wk =   0.0039062
        k(  472) = (  -1.0606602   0.1767767   0.1767767), wk =   0.0039062
        k(  473) = (  -0.3535534  -0.3535534   0.8838835), wk =   0.0039062
        k(  474) = (  -0.4419417  -0.2651650   0.7954951), wk =   0.0039062
        k(  475) = (  -0.5303301  -0.1767767   0.7071068), wk =   0.0039062
        k(  476) = (  -0.6187184  -0.0883883   0.6187184), wk =   0.0039062
        k(  477) = (  -0.7071068   0.0000000   0.5303301), wk =   0.0039062
        k(  478) = (  -0.7954951   0.0883883   0.4419417), wk =   0.0039062
        k(  479) = (  -0.8838835   0.1767767   0.3535534), wk =   0.0039062
        k(  480) = (  -0.9722718   0.2651650   0.2651650), wk =   0.0039062
        k(  481) = (  -0.2651650  -0.2651650   0.9722718), wk =   0.0039062
        k(  482) = (  -0.3535534  -0.1767767   0.8838835), wk =   0.0039062
        k(  483) = (  -0.4419417  -0.0883883   0.7954951), wk =   0.0039062
        k(  484) = (  -0.5303301   0.0000000   0.7071068), wk =   0.0039062
        k(  485) = (  -0.6187184   0.0883883   0.6187184), wk =   0.0039062
        k(  486) = (  -0.7071068   0.1767767   0.5303301), wk =   0.0039062
        k(  487) = (  -0.7954951   0.2651650   0.4419417), wk =   0.0039062
        k(  488) = (  -0.8838835   0.3535534   0.3535534), wk =   0.0039062
        k(  489) = (  -0.1767767  -0.1767767   1.0606602), wk =   0.0039062
        k(  490) = (  -0.2651650  -0.0883883   0.9722718), wk =   0.0039062
        k(  491) = (  -0.3535534   0.0000000   0.8838835), wk =   0.0039062
        k(  492) = (  -0.4419417   0.0883883   0.7954951), wk =   0.0039062
        k(  493) = (  -0.5303301   0.1767767   0.7071068), wk =   0.0039062
        k(  494) = (  -0.6187184   0.2651650   0.6187184), wk =   0.0039062
        k(  495) = (  -0.7071068   0.3535534   0.5303301), wk =   0.0039062
        k(  496) = (  -0.7954951   0.4419417   0.4419417), wk =   0.0039062
        k(  497) = (  -0.0883883  -0.0883883   1.1490485), wk =   0.0039062
        k(  498) = (  -0.1767767   0.0000000   1.0606602), wk =   0.0039062
        k(  499) = (  -0.2651650   0.0883883   0.9722718), wk =   0.0039062
        k(  500) = (  -0.3535534   0.1767767   0.8838835), wk =   0.0039062
        k(  501) = (  -0.4419417   0.2651650   0.7954951), wk =   0.0039062
        k(  502) = (  -0.5303301   0.3535534   0.7071068), wk =   0.0039062
        k(  503) = (  -0.6187184   0.4419417   0.6187184), wk =   0.0039062
        k(  504) = (  -0.7071068   0.5303301   0.5303301), wk =   0.0039062
        k(  505) = (   0.0000000   0.0000000   1.2374369), wk =   0.0039062
        k(  506) = (  -0.0883883   0.0883883   1.1490485), wk =   0.0039062
        k(  507) = (  -0.1767767   0.1767767   1.0606602), wk =   0.0039062
        k(  508) = (  -0.2651650   0.2651650   0.9722718), wk =   0.0039062
        k(  509) = (  -0.3535534   0.3535534   0.8838835), wk =   0.0039062
        k(  510) = (  -0.4419417   0.4419417   0.7954951), wk =   0.0039062
        k(  511) = (  -0.5303301   0.5303301   0.7071068), wk =   0.0039062
        k(  512) = (  -0.6187184   0.6187184   0.6187184), wk =   0.0039062

     PseudoPot. # 1 for Al read from file:
     ./pseudo/Al.pz-vbc.UPF
     MD5 check sum: f06ceae8da0fe5c02c98e3688433298c
     Pseudo is Norm-conserving, Zval =  3.0
     Generated by new atomic code, or converted to UPF format
     Using radial grid of  171 points,  2 beta functions with: 
                l(1) =   0
                l(2) =   1
     EPW          :      0.05s CPU      0.07s WALL

     EPW          :      0.05s CPU      0.07s WALL

     -------------------------------------------------------------------
     Wannierization on  8 x  8 x  8 electronic grid
     -------------------------------------------------------------------
 
     Spin CASE ( default = unpolarized )
 
     Initializing Wannier90
 
 
     Initial Wannier projections
 
     (   0.00000   0.00000   0.00000) :  l =  -3 mr =   1
     (   0.00000   0.00000   0.00000) :  l =  -3 mr =   2
     (   0.00000   0.00000   0.00000) :  l =  -3 mr =   3
     (   0.00000   0.00000   0.00000) :  l =  -3 mr =   4

      - Number of bands is (  6)
      - Number of total bands is (  6)
      - Number of excluded bands is (  0)
      - Number of wannier functions is (  4)
      - All guiding functions are given 
 
  Reading data about k-point neighbours 
 
      - All neighbours are found 
 
     AMN
      k points =   512 in    1 pools
            1 of  512 on ionode
            2 of  512 on ionode
            3 of  512 on ionode
            4 of  512 on ionode
            5 of  512 on ionode
            6 of  512 on ionode
            7 of  512 on ionode
            8 of  512 on ionode
            9 of  512 on ionode
           10 of  512 on ionode
           11 of  512 on ionode
           12 of  512 on ionode
           13 of  512 on ionode
           14 of  512 on ionode
           15 of  512 on ionode
           16 of  512 on ionode
           17 of  512 on ionode
           18 of  512 on ionode
           19 of  512 on ionode
           20 of  512 on ionode
           21 of  512 on ionode
           22 of  512 on ionode
           23 of  512 on ionode
           24 of  512 on ionode
           25 of  512 on ionode
           26 of  512 on ionode
           27 of  512 on ionode
           28 of  512 on ionode
           29 of  512 on ionode
           30 of  512 on ionode
           31 of  512 on ionode
           32 of  512 on ionode
           33 of  512 on ionode
           34 of  512 on ionode
           35 of  512 on ionode
           36 of  512 on ionode
           37 of  512 on ionode
           38 of  512 on ionode
           39 of  512 on ionode
           40 of  512 on ionode
           41 of  512 on ionode
           42 of  512 on ionode
           43 of  512 on ionode
           44 of  512 on ionode
           45 of  512 on ionode
           46 of  512 on ionode
           47 of  512 on ionode
           48 of  512 on ionode
           49 of  512 on ionode
           50 of  512 on ionode
           51 of  512 on ionode
           52 of  512 on ionode
           53 of  512 on ionode
           54 of  512 on ionode
           55 of  512 on ionode
           56 of  512 on ionode
           57 of  512 on ionode
           58 of  512 on ionode
           59 of  512 on ionode
           60 of  512 on ionode
           61 of  512 on ionode
           62 of  512 on ionode
           63 of  512 on ionode
           64 of  512 on ionode
           65 of  512 on ionode
           66 of  512 on ionode
           67 of  512 on ionode
           68 of  512 on ionode
           69 of  512 on ionode
           70 of  512 on ionode
           71 of  512 on ionode
           72 of  512 on ionode
           73 of  512 on ionode
           74 of  512 on ionode
           75 of  512 on ionode
           76 of  512 on ionode
           77 of  512 on ionode
           78 of  512 on ionode
           79 of  512 on ionode
           80 of  512 on ionode
           81 of  512 on ionode
           82 of  512 on ionode
           83 of  512 on ionode
           84 of  512 on ionode
           85 of  512 on ionode
           86 of  512 on ionode
           87 of  512 on ionode
           88 of  512 on ionode
           89 of  512 on ionode
           90 of  512 on ionode
           91 of  512 on ionode
           92 of  512 on ionode
           93 of  512 on ionode
           94 of  512 on ionode
           95 of  512 on ionode
           96 of  512 on ionode
           97 of  512 on ionode
           98 of  512 on ionode
           99 of  512 on ionode
          100 of  512 on ionode
          101 of  512 on ionode
          102 of  512 on ionode
          103 of  512 on ionode
          104 of  512 on ionode
          105 of  512 on ionode
          106 of  512 on ionode
          107 of  512 on ionode
          108 of  512 on ionode
          109 of  512 on ionode
          110 of  512 on ionode
          111 of  512 on ionode
          112 of  512 on ionode
          113 of  512 on ionode
          114 of  512 on ionode
          115 of  512 on ionode
          116 of  512 on ionode
          117 of  512 on ionode
          118 of  512 on ionode
          119 of  512 on ionode
          120 of  512 on ionode
          121 of  512 on ionode
          122 of  512 on ionode
          123 of  512 on ionode
          124 of  512 on ionode
          125 of  512 on ionode
          126 of  512 on ionode
          127 of  512 on ionode
          128 of  512 on ionode
          129 of  512 on ionode
          130 of  512 on ionode
          131 of  512 on ionode
          132 of  512 on ionode
          133 of  512 on ionode
          134 of  512 on ionode
          135 of  512 on ionode
          136 of  512 on ionode
          137 of  512 on ionode
          138 of  512 on ionode
          139 of  512 on ionode
          140 of  512 on ionode
          141 of  512 on ionode
          142 of  512 on ionode
          143 of  512 on ionode
          144 of  512 on ionode
          145 of  512 on ionode
          146 of  512 on ionode
          147 of  512 on ionode
          148 of  512 on ionode
          149 of  512 on ionode
          150 of  512 on ionode
          151 of  512 on ionode
          152 of  512 on ionode
          153 of  512 on ionode
          154 of  512 on ionode
          155 of  512 on ionode
          156 of  512 on ionode
          157 of  512 on ionode
          158 of  512 on ionode
          159 of  512 on ionode
          160 of  512 on ionode
          161 of  512 on ionode
          162 of  512 on ionode
          163 of  512 on ionode
          164 of  512 on ionode
          165 of  512 on ionode
          166 of  512 on ionode
          167 of  512 on ionode
          168 of  512 on ionode
          169 of  512 on ionode
          170 of  512 on ionode
          171 of  512 on ionode
          172 of  512 on ionode
          173 of  512 on ionode
          174 of  512 on ionode
          175 of  512 on ionode
          176 of  512 on ionode
          177 of  512 on ionode
          178 of  512 on ionode
          179 of  512 on ionode
          180 of  512 on ionode
          181 of  512 on ionode
          182 of  512 on ionode
          183 of  512 on ionode
          184 of  512 on ionode
          185 of  512 on ionode
          186 of  512 on ionode
          187 of  512 on ionode
          188 of  512 on ionode
          189 of  512 on ionode
          190 of  512 on ionode
          191 of  512 on ionode
          192 of  512 on ionode
          193 of  512 on ionode
          194 of  512 on ionode
          195 of  512 on ionode
          196 of  512 on ionode
          197 of  512 on ionode
          198 of  512 on ionode
          199 of  512 on ionode
          200 of  512 on ionode
          201 of  512 on ionode
          202 of  512 on ionode
          203 of  512 on ionode
          204 of  512 on ionode
          205 of  512 on ionode
          206 of  512 on ionode
          207 of  512 on ionode
          208 of  512 on ionode
          209 of  512 on ionode
          210 of  512 on ionode
          211 of  512 on ionode
          212 of  512 on ionode
          213 of  512 on ionode
          214 of  512 on ionode
          215 of  512 on ionode
          216 of  512 on ionode
          217 of  512 on ionode
          218 of  512 on ionode
          219 of  512 on ionode
          220 of  512 on ionode
          221 of  512 on ionode
          222 of  512 on ionode
          223 of  512 on ionode
          224 of  512 on ionode
          225 of  512 on ionode
          226 of  512 on ionode
          227 of  512 on ionode
          228 of  512 on ionode
          229 of  512 on ionode
          230 of  512 on ionode
          231 of  512 on ionode
          232 of  512 on ionode
          233 of  512 on ionode
          234 of  512 on ionode
          235 of  512 on ionode
          236 of  512 on ionode
          237 of  512 on ionode
          238 of  512 on ionode
          239 of  512 on ionode
          240 of  512 on ionode
          241 of  512 on ionode
          242 of  512 on ionode
          243 of  512 on ionode
          244 of  512 on ionode
          245 of  512 on ionode
          246 of  512 on ionode
          247 of  512 on ionode
          248 of  512 on ionode
          249 of  512 on ionode
          250 of  512 on ionode
          251 of  512 on ionode
          252 of  512 on ionode
          253 of  512 on ionode
          254 of  512 on ionode
          255 of  512 on ionode
          256 of  512 on ionode
          257 of  512 on ionode
          258 of  512 on ionode
          259 of  512 on ionode
          260 of  512 on ionode
          261 of  512 on ionode
          262 of  512 on ionode
          263 of  512 on ionode
          264 of  512 on ionode
          265 of  512 on ionode
          266 of  512 on ionode
          267 of  512 on ionode
          268 of  512 on ionode
          269 of  512 on ionode
          270 of  512 on ionode
          271 of  512 on ionode
          272 of  512 on ionode
          273 of  512 on ionode
          274 of  512 on ionode
          275 of  512 on ionode
          276 of  512 on ionode
          277 of  512 on ionode
          278 of  512 on ionode
          279 of  512 on ionode
          280 of  512 on ionode
          281 of  512 on ionode
          282 of  512 on ionode
          283 of  512 on ionode
          284 of  512 on ionode
          285 of  512 on ionode
          286 of  512 on ionode
          287 of  512 on ionode
          288 of  512 on ionode
          289 of  512 on ionode
          290 of  512 on ionode
          291 of  512 on ionode
          292 of  512 on ionode
          293 of  512 on ionode
          294 of  512 on ionode
          295 of  512 on ionode
          296 of  512 on ionode
          297 of  512 on ionode
          298 of  512 on ionode
          299 of  512 on ionode
          300 of  512 on ionode
          301 of  512 on ionode
          302 of  512 on ionode
          303 of  512 on ionode
          304 of  512 on ionode
          305 of  512 on ionode
          306 of  512 on ionode
          307 of  512 on ionode
          308 of  512 on ionode
          309 of  512 on ionode
          310 of  512 on ionode
          311 of  512 on ionode
          312 of  512 on ionode
          313 of  512 on ionode
          314 of  512 on ionode
          315 of  512 on ionode
          316 of  512 on ionode
          317 of  512 on ionode
          318 of  512 on ionode
          319 of  512 on ionode
          320 of  512 on ionode
          321 of  512 on ionode
          322 of  512 on ionode
          323 of  512 on ionode
          324 of  512 on ionode
          325 of  512 on ionode
          326 of  512 on ionode
          327 of  512 on ionode
          328 of  512 on ionode
          329 of  512 on ionode
          330 of  512 on ionode
          331 of  512 on ionode
          332 of  512 on ionode
          333 of  512 on ionode
          334 of  512 on ionode
          335 of  512 on ionode
          336 of  512 on ionode
          337 of  512 on ionode
          338 of  512 on ionode
          339 of  512 on ionode
          340 of  512 on ionode
          341 of  512 on ionode
          342 of  512 on ionode
          343 of  512 on ionode
          344 of  512 on ionode
          345 of  512 on ionode
          346 of  512 on ionode
          347 of  512 on ionode
          348 of  512 on ionode
          349 of  512 on ionode
          350 of  512 on ionode
          351 of  512 on ionode
          352 of  512 on ionode
          353 of  512 on ionode
          354 of  512 on ionode
          355 of  512 on ionode
          356 of  512 on ionode
          357 of  512 on ionode
          358 of  512 on ionode
          359 of  512 on ionode
          360 of  512 on ionode
          361 of  512 on ionode
          362 of  512 on ionode
          363 of  512 on ionode
          364 of  512 on ionode
          365 of  512 on ionode
          366 of  512 on ionode
          367 of  512 on ionode
          368 of  512 on ionode
          369 of  512 on ionode
          370 of  512 on ionode
          371 of  512 on ionode
          372 of  512 on ionode
          373 of  512 on ionode
          374 of  512 on ionode
          375 of  512 on ionode
          376 of  512 on ionode
          377 of  512 on ionode
          378 of  512 on ionode
          379 of  512 on ionode
          380 of  512 on ionode
          381 of  512 on ionode
          382 of  512 on ionode
          383 of  512 on ionode
          384 of  512 on ionode
          385 of  512 on ionode
          386 of  512 on ionode
          387 of  512 on ionode
          388 of  512 on ionode
          389 of  512 on ionode
          390 of  512 on ionode
          391 of  512 on ionode
          392 of  512 on ionode
          393 of  512 on ionode
          394 of  512 on ionode
          395 of  512 on ionode
          396 of  512 on ionode
          397 of  512 on ionode
          398 of  512 on ionode
          399 of  512 on ionode
          400 of  512 on ionode
          401 of  512 on ionode
          402 of  512 on ionode
          403 of  512 on ionode
          404 of  512 on ionode
          405 of  512 on ionode
          406 of  512 on ionode
          407 of  512 on ionode
          408 of  512 on ionode
          409 of  512 on ionode
          410 of  512 on ionode
          411 of  512 on ionode
          412 of  512 on ionode
          413 of  512 on ionode
          414 of  512 on ionode
          415 of  512 on ionode
          416 of  512 on ionode
          417 of  512 on ionode
          418 of  512 on ionode
          419 of  512 on ionode
          420 of  512 on ionode
          421 of  512 on ionode
          422 of  512 on ionode
          423 of  512 on ionode
          424 of  512 on ionode
          425 of  512 on ionode
          426 of  512 on ionode
          427 of  512 on ionode
          428 of  512 on ionode
          429 of  512 on ionode
          430 of  512 on ionode
          431 of  512 on ionode
          432 of  512 on ionode
          433 of  512 on ionode
          434 of  512 on ionode
          435 of  512 on ionode
          436 of  512 on ionode
          437 of  512 on ionode
          438 of  512 on ionode
          439 of  512 on ionode
          440 of  512 on ionode
          441 of  512 on ionode
          442 of  512 on ionode
          443 of  512 on ionode
          444 of  512 on ionode
          445 of  512 on ionode
          446 of  512 on ionode
          447 of  512 on ionode
          448 of  512 on ionode
          449 of  512 on ionode
          450 of  512 on ionode
          451 of  512 on ionode
          452 of  512 on ionode
          453 of  512 on ionode
          454 of  512 on ionode
          455 of  512 on ionode
          456 of  512 on ionode
          457 of  512 on ionode
          458 of  512 on ionode
          459 of  512 on ionode
          460 of  512 on ionode
          461 of  512 on ionode
          462 of  512 on ionode
          463 of  512 on ionode
          464 of  512 on ionode
          465 of  512 on ionode
          466 of  512 on ionode
          467 of  512 on ionode
          468 of  512 on ionode
          469 of  512 on ionode
          470 of  512 on ionode
          471 of  512 on ionode
          472 of  512 on ionode
          473 of  512 on ionode
          474 of  512 on ionode
          475 of  512 on ionode
          476 of  512 on ionode
          477 of  512 on ionode
          478 of  512 on ionode
          479 of  512 on ionode
          480 of  512 on ionode
          481 of  512 on ionode
          482 of  512 on ionode
          483 of  512 on ionode
          484 of  512 on ionode
          485 of  512 on ionode
          486 of  512 on ionode
          487 of  512 on ionode
          488 of  512 on ionode
          489 of  512 on ionode
          490 of  512 on ionode
          491 of  512 on ionode
          492 of  512 on ionode
          493 of  512 on ionode
          494 of  512 on ionode
          495 of  512 on ionode
          496 of  512 on ionode
          497 of  512 on ionode
          498 of  512 on ionode
          499 of  512 on ionode
          500 of  512 on ionode
          501 of  512 on ionode
          502 of  512 on ionode
          503 of  512 on ionode
          504 of  512 on ionode
          505 of  512 on ionode
          506 of  512 on ionode
          507 of  512 on ionode
          508 of  512 on ionode
          509 of  512 on ionode
          510 of  512 on ionode
          511 of  512 on ionode
          512 of  512 on ionode
 
     AMN calculated
 
     MMN
      k points =   512 in    1 pools
            1 of  512 on ionode
            2 of  512 on ionode
            3 of  512 on ionode
            4 of  512 on ionode
            5 of  512 on ionode
            6 of  512 on ionode
            7 of  512 on ionode
            8 of  512 on ionode
            9 of  512 on ionode
           10 of  512 on ionode
           11 of  512 on ionode
           12 of  512 on ionode
           13 of  512 on ionode
           14 of  512 on ionode
           15 of  512 on ionode
           16 of  512 on ionode
           17 of  512 on ionode
           18 of  512 on ionode
           19 of  512 on ionode
           20 of  512 on ionode
           21 of  512 on ionode
           22 of  512 on ionode
           23 of  512 on ionode
           24 of  512 on ionode
           25 of  512 on ionode
           26 of  512 on ionode
           27 of  512 on ionode
           28 of  512 on ionode
           29 of  512 on ionode
           30 of  512 on ionode
           31 of  512 on ionode
           32 of  512 on ionode
           33 of  512 on ionode
           34 of  512 on ionode
           35 of  512 on ionode
           36 of  512 on ionode
           37 of  512 on ionode
           38 of  512 on ionode
           39 of  512 on ionode
           40 of  512 on ionode
           41 of  512 on ionode
           42 of  512 on ionode
           43 of  512 on ionode
           44 of  512 on ionode
           45 of  512 on ionode
           46 of  512 on ionode
           47 of  512 on ionode
           48 of  512 on ionode
           49 of  512 on ionode
           50 of  512 on ionode
           51 of  512 on ionode
           52 of  512 on ionode
           53 of  512 on ionode
           54 of  512 on ionode
           55 of  512 on ionode
           56 of  512 on ionode
           57 of  512 on ionode
           58 of  512 on ionode
           59 of  512 on ionode
           60 of  512 on ionode
           61 of  512 on ionode
           62 of  512 on ionode
           63 of  512 on ionode
           64 of  512 on ionode
           65 of  512 on ionode
           66 of  512 on ionode
           67 of  512 on ionode
           68 of  512 on ionode
           69 of  512 on ionode
           70 of  512 on ionode
           71 of  512 on ionode
           72 of  512 on ionode
           73 of  512 on ionode
           74 of  512 on ionode
           75 of  512 on ionode
           76 of  512 on ionode
           77 of  512 on ionode
           78 of  512 on ionode
           79 of  512 on ionode
           80 of  512 on ionode
           81 of  512 on ionode
           82 of  512 on ionode
           83 of  512 on ionode
           84 of  512 on ionode
           85 of  512 on ionode
           86 of  512 on ionode
           87 of  512 on ionode
           88 of  512 on ionode
           89 of  512 on ionode
           90 of  512 on ionode
           91 of  512 on ionode
           92 of  512 on ionode
           93 of  512 on ionode
           94 of  512 on ionode
           95 of  512 on ionode
           96 of  512 on ionode
           97 of  512 on ionode
           98 of  512 on ionode
           99 of  512 on ionode
          100 of  512 on ionode
          101 of  512 on ionode
          102 of  512 on ionode
          103 of  512 on ionode
          104 of  512 on ionode
          105 of  512 on ionode
          106 of  512 on ionode
          107 of  512 on ionode
          108 of  512 on ionode
          109 of  512 on ionode
          110 of  512 on ionode
          111 of  512 on ionode
          112 of  512 on ionode
          113 of  512 on ionode
          114 of  512 on ionode
          115 of  512 on ionode
          116 of  512 on ionode
          117 of  512 on ionode
          118 of  512 on ionode
          119 of  512 on ionode
          120 of  512 on ionode
          121 of  512 on ionode
          122 of  512 on ionode
          123 of  512 on ionode
          124 of  512 on ionode
          125 of  512 on ionode
          126 of  512 on ionode
          127 of  512 on ionode
          128 of  512 on ionode
          129 of  512 on ionode
          130 of  512 on ionode
          131 of  512 on ionode
          132 of  512 on ionode
          133 of  512 on ionode
          134 of  512 on ionode
          135 of  512 on ionode
          136 of  512 on ionode
          137 of  512 on ionode
          138 of  512 on ionode
          139 of  512 on ionode
          140 of  512 on ionode
          141 of  512 on ionode
          142 of  512 on ionode
          143 of  512 on ionode
          144 of  512 on ionode
          145 of  512 on ionode
          146 of  512 on ionode
          147 of  512 on ionode
          148 of  512 on ionode
          149 of  512 on ionode
          150 of  512 on ionode
          151 of  512 on ionode
          152 of  512 on ionode
          153 of  512 on ionode
          154 of  512 on ionode
          155 of  512 on ionode
          156 of  512 on ionode
          157 of  512 on ionode
          158 of  512 on ionode
          159 of  512 on ionode
          160 of  512 on ionode
          161 of  512 on ionode
          162 of  512 on ionode
          163 of  512 on ionode
          164 of  512 on ionode
          165 of  512 on ionode
          166 of  512 on ionode
          167 of  512 on ionode
          168 of  512 on ionode
          169 of  512 on ionode
          170 of  512 on ionode
          171 of  512 on ionode
          172 of  512 on ionode
          173 of  512 on ionode
          174 of  512 on ionode
          175 of  512 on ionode
          176 of  512 on ionode
          177 of  512 on ionode
          178 of  512 on ionode
          179 of  512 on ionode
          180 of  512 on ionode
          181 of  512 on ionode
          182 of  512 on ionode
          183 of  512 on ionode
          184 of  512 on ionode
          185 of  512 on ionode
          186 of  512 on ionode
          187 of  512 on ionode
          188 of  512 on ionode
          189 of  512 on ionode
          190 of  512 on ionode
          191 of  512 on ionode
          192 of  512 on ionode
          193 of  512 on ionode
          194 of  512 on ionode
          195 of  512 on ionode
          196 of  512 on ionode
          197 of  512 on ionode
          198 of  512 on ionode
          199 of  512 on ionode
          200 of  512 on ionode
          201 of  512 on ionode
          202 of  512 on ionode
          203 of  512 on ionode
          204 of  512 on ionode
          205 of  512 on ionode
          206 of  512 on ionode
          207 of  512 on ionode
          208 of  512 on ionode
          209 of  512 on ionode
          210 of  512 on ionode
          211 of  512 on ionode
          212 of  512 on ionode
          213 of  512 on ionode
          214 of  512 on ionode
          215 of  512 on ionode
          216 of  512 on ionode
          217 of  512 on ionode
          218 of  512 on ionode
          219 of  512 on ionode
          220 of  512 on ionode
          221 of  512 on ionode
          222 of  512 on ionode
          223 of  512 on ionode
          224 of  512 on ionode
          225 of  512 on ionode
          226 of  512 on ionode
          227 of  512 on ionode
          228 of  512 on ionode
          229 of  512 on ionode
          230 of  512 on ionode
          231 of  512 on ionode
          232 of  512 on ionode
          233 of  512 on ionode
          234 of  512 on ionode
          235 of  512 on ionode
          236 of  512 on ionode
          237 of  512 on ionode
          238 of  512 on ionode
          239 of  512 on ionode
          240 of  512 on ionode
          241 of  512 on ionode
          242 of  512 on ionode
          243 of  512 on ionode
          244 of  512 on ionode
          245 of  512 on ionode
          246 of  512 on ionode
          247 of  512 on ionode
          248 of  512 on ionode
          249 of  512 on ionode
          250 of  512 on ionode
          251 of  512 on ionode
          252 of  512 on ionode
          253 of  512 on ionode
          254 of  512 on ionode
          255 of  512 on ionode
          256 of  512 on ionode
          257 of  512 on ionode
          258 of  512 on ionode
          259 of  512 on ionode
          260 of  512 on ionode
          261 of  512 on ionode
          262 of  512 on ionode
          263 of  512 on ionode
          264 of  512 on ionode
          265 of  512 on ionode
          266 of  512 on ionode
          267 of  512 on ionode
          268 of  512 on ionode
          269 of  512 on ionode
          270 of  512 on ionode
          271 of  512 on ionode
          272 of  512 on ionode
          273 of  512 on ionode
          274 of  512 on ionode
          275 of  512 on ionode
          276 of  512 on ionode
          277 of  512 on ionode
          278 of  512 on ionode
          279 of  512 on ionode
          280 of  512 on ionode
          281 of  512 on ionode
          282 of  512 on ionode
          283 of  512 on ionode
          284 of  512 on ionode
          285 of  512 on ionode
          286 of  512 on ionode
          287 of  512 on ionode
          288 of  512 on ionode
          289 of  512 on ionode
          290 of  512 on ionode
          291 of  512 on ionode
          292 of  512 on ionode
          293 of  512 on ionode
          294 of  512 on ionode
          295 of  512 on ionode
          296 of  512 on ionode
          297 of  512 on ionode
          298 of  512 on ionode
          299 of  512 on ionode
          300 of  512 on ionode
          301 of  512 on ionode
          302 of  512 on ionode
          303 of  512 on ionode
          304 of  512 on ionode
          305 of  512 on ionode
          306 of  512 on ionode
          307 of  512 on ionode
          308 of  512 on ionode
          309 of  512 on ionode
          310 of  512 on ionode
          311 of  512 on ionode
          312 of  512 on ionode
          313 of  512 on ionode
          314 of  512 on ionode
          315 of  512 on ionode
          316 of  512 on ionode
          317 of  512 on ionode
          318 of  512 on ionode
          319 of  512 on ionode
          320 of  512 on ionode
          321 of  512 on ionode
          322 of  512 on ionode
          323 of  512 on ionode
          324 of  512 on ionode
          325 of  512 on ionode
          326 of  512 on ionode
          327 of  512 on ionode
          328 of  512 on ionode
          329 of  512 on ionode
          330 of  512 on ionode
          331 of  512 on ionode
          332 of  512 on ionode
          333 of  512 on ionode
          334 of  512 on ionode
          335 of  512 on ionode
          336 of  512 on ionode
          337 of  512 on ionode
          338 of  512 on ionode
          339 of  512 on ionode
          340 of  512 on ionode
          341 of  512 on ionode
          342 of  512 on ionode
          343 of  512 on ionode
          344 of  512 on ionode
          345 of  512 on ionode
          346 of  512 on ionode
          347 of  512 on ionode
          348 of  512 on ionode
          349 of  512 on ionode
          350 of  512 on ionode
          351 of  512 on ionode
          352 of  512 on ionode
          353 of  512 on ionode
          354 of  512 on ionode
          355 of  512 on ionode
          356 of  512 on ionode
          357 of  512 on ionode
          358 of  512 on ionode
          359 of  512 on ionode
          360 of  512 on ionode
          361 of  512 on ionode
          362 of  512 on ionode
          363 of  512 on ionode
          364 of  512 on ionode
          365 of  512 on ionode
          366 of  512 on ionode
          367 of  512 on ionode
          368 of  512 on ionode
          369 of  512 on ionode
          370 of  512 on ionode
          371 of  512 on ionode
          372 of  512 on ionode
          373 of  512 on ionode
          374 of  512 on ionode
          375 of  512 on ionode
          376 of  512 on ionode
          377 of  512 on ionode
          378 of  512 on ionode
          379 of  512 on ionode
          380 of  512 on ionode
          381 of  512 on ionode
          382 of  512 on ionode
          383 of  512 on ionode
          384 of  512 on ionode
          385 of  512 on ionode
          386 of  512 on ionode
          387 of  512 on ionode
          388 of  512 on ionode
          389 of  512 on ionode
          390 of  512 on ionode
          391 of  512 on ionode
          392 of  512 on ionode
          393 of  512 on ionode
          394 of  512 on ionode
          395 of  512 on ionode
          396 of  512 on ionode
          397 of  512 on ionode
          398 of  512 on ionode
          399 of  512 on ionode
          400 of  512 on ionode
          401 of  512 on ionode
          402 of  512 on ionode
          403 of  512 on ionode
          404 of  512 on ionode
          405 of  512 on ionode
          406 of  512 on ionode
          407 of  512 on ionode
          408 of  512 on ionode
          409 of  512 on ionode
          410 of  512 on ionode
          411 of  512 on ionode
          412 of  512 on ionode
          413 of  512 on ionode
          414 of  512 on ionode
          415 of  512 on ionode
          416 of  512 on ionode
          417 of  512 on ionode
          418 of  512 on ionode
          419 of  512 on ionode
          420 of  512 on ionode
          421 of  512 on ionode
          422 of  512 on ionode
          423 of  512 on ionode
          424 of  512 on ionode
          425 of  512 on ionode
          426 of  512 on ionode
          427 of  512 on ionode
          428 of  512 on ionode
          429 of  512 on ionode
          430 of  512 on ionode
          431 of  512 on ionode
          432 of  512 on ionode
          433 of  512 on ionode
          434 of  512 on ionode
          435 of  512 on ionode
          436 of  512 on ionode
          437 of  512 on ionode
          438 of  512 on ionode
          439 of  512 on ionode
          440 of  512 on ionode
          441 of  512 on ionode
          442 of  512 on ionode
          443 of  512 on ionode
          444 of  512 on ionode
          445 of  512 on ionode
          446 of  512 on ionode
          447 of  512 on ionode
          448 of  512 on ionode
          449 of  512 on ionode
          450 of  512 on ionode
          451 of  512 on ionode
          452 of  512 on ionode
          453 of  512 on ionode
          454 of  512 on ionode
          455 of  512 on ionode
          456 of  512 on ionode
          457 of  512 on ionode
          458 of  512 on ionode
          459 of  512 on ionode
          460 of  512 on ionode
          461 of  512 on ionode
          462 of  512 on ionode
          463 of  512 on ionode
          464 of  512 on ionode
          465 of  512 on ionode
          466 of  512 on ionode
          467 of  512 on ionode
          468 of  512 on ionode
          469 of  512 on ionode
          470 of  512 on ionode
          471 of  512 on ionode
          472 of  512 on ionode
          473 of  512 on ionode
          474 of  512 on ionode
          475 of  512 on ionode
          476 of  512 on ionode
          477 of  512 on ionode
          478 of  512 on ionode
          479 of  512 on ionode
          480 of  512 on ionode
          481 of  512 on ionode
          482 of  512 on ionode
          483 of  512 on ionode
          484 of  512 on ionode
          485 of  512 on ionode
          486 of  512 on ionode
          487 of  512 on ionode
          488 of  512 on ionode
          489 of  512 on ionode
          490 of  512 on ionode
          491 of  512 on ionode
          492 of  512 on ionode
          493 of  512 on ionode
          494 of  512 on ionode
          495 of  512 on ionode
          496 of  512 on ionode
          497 of  512 on ionode
          498 of  512 on ionode
          499 of  512 on ionode
          500 of  512 on ionode
          501 of  512 on ionode
          502 of  512 on ionode
          503 of  512 on ionode
          504 of  512 on ionode
          505 of  512 on ionode
          506 of  512 on ionode
          507 of  512 on ionode
          508 of  512 on ionode
          509 of  512 on ionode
          510 of  512 on ionode
          511 of  512 on ionode
          512 of  512 on ionode
     MMN calculated
 
     Running Wannier90
 
     Wannier Function centers (cartesian, alat) and spreads (ang):
 
     (   0.22836   0.35459   0.12381) :   2.50125
     (   0.19946  -0.35698  -0.13617) :   2.49410
     (  -0.20110   0.13035  -0.34975) :   2.48129
     (  -0.22527  -0.12685   0.35922) :   2.52621
 
     -------------------------------------------------------------------
     WANNIER      :     13.23s CPU     13.48s WALL (       1 calls)
     -------------------------------------------------------------------
     HDF5 is NOT used in the current build. Exciton-phonon coupling calculations are disabled.

     Dipole matrix elements calculated
 
     Symmetries of Bravais lattice:  48
     Symmetries of crystal:          48

     Reading interatomic force constants

     IFC last   -0.0002202
     Norm of the difference between old and new effective charges:    0.0000000
     Norm of the difference between old and new force-constants:    0.0000038
     Imposed crystal ASR

     Finished reading ifcs


     Reading epmatq from .epb files


     The .epb files have been correctly read


     Band disentanglement is used: nbndsub =    4
     Use zone-centred Wigner-Seitz cells 
     Number of WS vectors for electrons      617
     Number of WS vectors for phonons       93
     Number of WS vectors for electron-phonon       93
     Maximum number of cores for efficient parallelization      279
     Results may improve by using use_ws == .TRUE. 

     Inside velocity step 1
 

     Velocity matrix elements calculated
 
 
     Bloch2wane:          1 /         64
     Bloch2wane:          2 /         64
     Bloch2wane:          3 /         64
     Bloch2wane:          4 /         64
     Bloch2wane:          5 /         64
     Bloch2wane:          6 /         64
     Bloch2wane:          7 /         64
     Bloch2wane:          8 /         64
     Bloch2wane:          9 /         64
     Bloch2wane:         10 /         64
     Bloch2wane:         11 /         64
     Bloch2wane:         12 /         64
     Bloch2wane:         13 /         64
     Bloch2wane:         14 /         64
     Bloch2wane:         15 /         64
     Bloch2wane:         16 /         64
     Bloch2wane:         17 /         64
     Bloch2wane:         18 /         64
     Bloch2wane:         19 /         64
     Bloch2wane:         20 /         64
     Bloch2wane:         21 /         64
     Bloch2wane:         22 /         64
     Bloch2wane:         23 /         64
     Bloch2wane:         24 /         64
     Bloch2wane:         25 /         64
     Bloch2wane:         26 /         64
     Bloch2wane:         27 /         64
     Bloch2wane:         28 /         64
     Bloch2wane:         29 /         64
     Bloch2wane:         30 /         64
     Bloch2wane:         31 /         64
     Bloch2wane:         32 /         64
     Bloch2wane:         33 /         64
     Bloch2wane:         34 /         64
     Bloch2wane:         35 /         64
     Bloch2wane:         36 /         64
     Bloch2wane:         37 /         64
     Bloch2wane:         38 /         64
     Bloch2wane:         39 /         64
     Bloch2wane:         40 /         64
     Bloch2wane:         41 /         64
     Bloch2wane:         42 /         64
     Bloch2wane:         43 /         64
     Bloch2wane:         44 /         64
     Bloch2wane:         45 /         64
     Bloch2wane:         46 /         64
     Bloch2wane:         47 /         64
     Bloch2wane:         48 /         64
     Bloch2wane:         49 /         64
     Bloch2wane:         50 /         64
     Bloch2wane:         51 /         64
     Bloch2wane:         52 /         64
     Bloch2wane:         53 /         64
     Bloch2wane:         54 /         64
     Bloch2wane:         55 /         64
     Bloch2wane:         56 /         64
     Bloch2wane:         57 /         64
     Bloch2wane:         58 /         64
     Bloch2wane:         59 /         64
     Bloch2wane:         60 /         64
     Bloch2wane:         61 /         64
     Bloch2wane:         62 /         64
     Bloch2wane:         63 /         64
     Bloch2wane:         64 /         64

     Writing Hamiltonian, Dynamical matrix and EP vertex in Wann rep to file

     ===================================================================
     Memory usage:  VmHWM =       244Mb
                   VmPeak =      2725Mb
     ===================================================================
     
     Using uniform q-mesh:     1    1    1
     Size of q point mesh for interpolation:          1
     Using uniform k-mesh:     1    1    1
     Size of k point mesh for interpolation:          1
     Max number of k points per pool:                1

     Fermi energy coarse grid =   8.325505 eV

     Fermi energy is calculated from the fine k-mesh: Ef =  21.326273 eV

     Warning: check if difference with Fermi level fine grid makes sense

     ===================================================================

              ibndmin =     1  ebndmin =    -3.167 eV
              ibndmax =     4  ebndmax =    21.515 eV


     Number of ep-matrix elements per pool :           48 ~=    0.38 Kb (@ 8 bytes/ DP)
     We only need to compute        1 q-points
      
     ===================================================================
     Memory usage:  VmHWM =       244Mb
                   VmPeak =      2725Mb
     ===================================================================


     Unfolding on the coarse grid
     elphon_wrap  :      0.19s CPU      0.22s WALL (       1 calls)
     calbec       :      0.01s CPU      0.01s WALL (    2048 calls)
     fft          :      0.00s CPU      0.00s WALL (       3 calls)
     fftw         :      0.51s CPU      0.52s WALL (    9386 calls)

     INITIALIZATION: 

     init_vloc    :      0.00s CPU      0.00s WALL (       1 calls)
     init_us_1    :      0.00s CPU      0.00s WALL (       1 calls)



     Electron-Phonon interpolation
     ep-interp    :      0.00s CPU      0.00s WALL (       1 calls)

     Ham: step 1  :      0.00s CPU      0.00s WALL (       1 calls)
     Ham: step 2  :      0.01s CPU      0.01s WALL (       1 calls)
     ep: step 1   :      0.03s CPU      0.03s WALL (      64 calls)
     ep: step 2   :      1.81s CPU      1.81s WALL (      64 calls)
     wigner_seitz :      0.00s CPU      0.00s WALL (       1 calls)
     DynW2B       :      0.00s CPU      0.00s WALL (       1 calls)
     HamW2B       :      0.00s CPU      0.00s WALL (     518 calls)
     ephW2Bp      :      0.00s CPU      0.00s WALL (       1 calls)
     ephW2B       :      0.00s CPU      0.00s WALL (       1 calls)
     vmeW2B       :      0.00s CPU      0.00s WALL (       2 calls)



     Total program execution
     EPW          :     16.27s CPU     16.70s WALL

     % Copyright (C) 2016-2023 EPW-Collaboration                                    
                                                                                    
     ===============================================================================
     Please consider citing the following papers.                                   
                                                                                                 
     % Paper describing the method on which EPW relies                                           
       F. Giustino and M. L. Cohen and S. G. Louie, Phys. Rev. B 76, 165108 (2007)               
                                                                                                 
     % Papers describing the EPW software                                                        
       H. Lee et al., npj Comput. Mater. 9, 156 (2023)                                           
       S. Ponc\'e, E.R. Margine, C. Verdi and F. Giustino, Comput. Phys. Commun. 209, 116 (2016) 
       J. Noffsinger et al., Comput. Phys. Commun. 181, 2140 (2010)                              
                                                                                                 
                                                                                    
     For your convenience, this information is also reported in the                 
     functionality-dependent EPW.bib file.                                          
     ===============================================================================
                                                                                    
