
     Program BANDS v.7.5 starts on 22Sep2026 at 22: 2:51 

     This program is part of the open-source Quantum ESPRESSO suite
     for quantum simulation of materials; please cite
         "P. Giannozzi et al., J. Phys.:Condens. Matter 21 395502 (2009);
         "P. Giannozzi et al., J. Phys.:Condens. Matter 29 465901 (2017);
         "P. Giannozzi et al., J. Chem. Phys. 152 154105 (2020);
          URL http://www.quantum-espresso.org", 
     in publications or presentations arising from this work. More details at
     http://www.quantum-espresso.org/quote

     Parallel version (MPI), running on     1 processors

     MPI processes distributed on     1 nodes
     5770 MiB available memory on the printing compute node when the environment starts


     Reading xml data from directory:

     ./tmp/si.save/

     IMPORTANT: XC functional enforced from input :
     Exchange-correlation= PBE
                           (   1   4   3   4   0   0   0)
     Any further DFT definition will be discarded
     Please, verify this is what you really want


     G-vector sticks info
     --------------------
     sticks:   dense  smooth     PW     G-vecs:    dense   smooth      PW
     Sum        2287     859    253                72377    16625    2733

     Using Slab Decomposition

     Reading collected, re-writing distributed wavefunctions
     high-symmetry point:  0.0000 0.0000 0.0000   x coordinate   0.0000
     high-symmetry point:  1.0000 0.0000 0.0000   x coordinate   1.0000
     high-symmetry point:  1.0000 0.5000 0.0000   x coordinate   1.5000
     high-symmetry point:  0.7500 0.7500 0.0000   x coordinate   1.8536
     high-symmetry point:  0.0000 0.0000 0.0000   x coordinate   2.9142
     high-symmetry point:  0.5000 0.5000 0.5000   x coordinate   3.7802
     high-symmetry point:  1.0000 0.0000 0.0000   x coordinate   4.6463

     Plottable bands (eV) written to file si.bands.dat.gnu
     Bands written to file si.bands.dat

     BANDS        :      1.02s CPU      1.11s WALL


   This run was terminated on:  22: 2:52  22Sep2026            

=------------------------------------------------------------------------------=
   JOB DONE.
=------------------------------------------------------------------------------=
