
     Program MATDYN v.7.5 starts on 22Sep2026 at 21:40:11 

     This program is part of the open-source Quantum ESPRESSO suite
     for quantum simulation of materials; please cite
         "P. Giannozzi et al., J. Phys.:Condens. Matter 21 395502 (2009);
         "P. Giannozzi et al., J. Phys.:Condens. Matter 29 465901 (2017);
         "P. Giannozzi et al., J. Chem. Phys. 152 154105 (2020);
          URL http://www.quantum-espresso.org", 
     in publications or presentations arising from this work. More details at
     http://www.quantum-espresso.org/quote

     Parallel version (MPI), running on     1 processors

     MPI processes distributed on     1 nodes
     9010 MiB available memory on the printing compute node when the environment starts
 
 mass for atomic type   1 not given; uses mass from file al.fc                                                                                                                                                                                                                                                           
 Norm of the difference between old and new effective charges:    0.00000000000000000000

 Norm of the difference between old and new force-constants:   0.00000379752137033426

     Message from routine matdyn:
     Z* not found in file al.fc, TO-LO splitting at q=0 will be absent!
 
     MATDYN       :     22.14s CPU     22.21s WALL

 
   This run was terminated on:  21:40:33  22Sep2026            

=------------------------------------------------------------------------------=
   JOB DONE.
=------------------------------------------------------------------------------=
