
     Program PW2WANNIER v.7.5 starts on 22Sep2026 at 22:45:14 

     This program is part of the open-source Quantum ESPRESSO suite
     for quantum simulation of materials; please cite
         "P. Giannozzi et al., J. Phys.:Condens. Matter 21 395502 (2009);
         "P. Giannozzi et al., J. Phys.:Condens. Matter 29 465901 (2017);
         "P. Giannozzi et al., J. Chem. Phys. 152 154105 (2020);
          URL http://www.quantum-espresso.org", 
     in publications or presentations arising from this work. More details at
     http://www.quantum-espresso.org/quote

     Parallel version (MPI), running on     8 processors

     MPI processes distributed on     1 nodes
     R & G space division:  proc/nbgrp/npool/nimage =       8
     1850 MiB available memory on the printing compute node when the environment starts
 
 
     Reading nscf_save data

     Reading xml data from directory:

     ./tmp/si.save/

     IMPORTANT: XC functional enforced from input :
     Exchange-correlation= PBE
                           (   1   4   3   4   0   0   0)
     Any further DFT definition will be discarded
     Please, verify this is what you really want

 
     Parallelization info
     --------------------
     sticks:   dense  smooth     PW     G-vecs:    dense   smooth      PW
     Min         144      72     23                 3218     1147     209
     Max         146      73     24                 3219     1149     212
     Sum        1159     583    187                25749     9185    1687
 
     Using Slab Decomposition
 
     Reading collected, re-writing distributed wavefunctions
 
      Spin CASE ( default = unpolarized )
 
  Wannier mode is: standalone     
 
  -----------------
  *** Reading nnkp 
  -----------------
 
  Checking info from wannier.nnkp file
 
  - Real lattice is ok
  - Reciprocal lattice is ok
  - K-points are ok
  - Number of wannier functions is ok (  4)
  - All guiding functions are given 
 
  Projections:
   -0.125000    0.125000   -0.125000  0  1  1    1.000000
   -0.125000   -0.125000    0.125000  0  1  1    1.000000
    0.125000    0.125000    0.125000  0  1  1    1.000000
    0.125000   -0.125000   -0.125000  0  1  1    1.000000
 
  Reading data about k-point neighbours 
 
  All neighbours are found 
 
  Opening pp-files 
 
 
  --------------------------
  *** Compute  A projections
  --------------------------
 
  Number of local k points =       64
       1       2       3       4       5       6       7       8       9      10
      11      12      13      14      15      16      17      18      19      20
      21      22      23      24      25      26      27      28      29      30
      31      32      33      34      35      36      37      38      39      40
      41      42      43      44      45      46      47      48      49      50
      51      52      53      54      55      56      57      58      59      60
      61      62      63      64
  AMN calculated
 
  ---------------
  *** Compute  M 
  ---------------
 
  Number of local k points =       64
       1       2       3       4       5       6       7       8       9      10
      11      12      13      14      15      16      17      18      19      20
      21      22      23      24      25      26      27      28      29      30
      31      32      33      34      35      36      37      38      39      40
      41      42      43      44      45      46      47      48      49      50
      51      52      53      54      55      56      57      58      59      60
      61      62      63      64
  MMN calculated
 
  -----------------------------------
  *** Orbital terms are not computed 
  -----------------------------------
 
  -----------------------------------
  *** SHC terms are not computed 
  -----------------------------------
 
  ----------------
  *** Write bands 
  ----------------
 
 
  -----------------------------
  *** Plot info is not printed 
  -----------------------------
 
  -----------------------------
  *** Parity info is not printed 
  -----------------------------
 
  ------------
  *** Stop pp 
  ------------
 
 
     init_pw2wan  :      0.10s CPU      0.21s WALL (       1 calls)
     compute_amn  :      0.45s CPU      0.46s WALL (       1 calls)
     compute_mmn  :      0.15s CPU      0.17s WALL (       1 calls)

     Internal routines:
     compute_u_kb :      0.11s CPU      0.12s WALL (     512 calls)
 
     PW2WANNIER   :      0.70s CPU      0.86s WALL

 
   This run was terminated on:  22:45:15  22Sep2026            

=------------------------------------------------------------------------------=
   JOB DONE.
=------------------------------------------------------------------------------=
 
