
     Program POST-PROC v.7.5 starts on 23Sep2026 at  0:13:53 

     This program is part of the open-source Quantum ESPRESSO suite
     for quantum simulation of materials; please cite
         "P. Giannozzi et al., J. Phys.:Condens. Matter 21 395502 (2009);
         "P. Giannozzi et al., J. Phys.:Condens. Matter 29 465901 (2017);
         "P. Giannozzi et al., J. Chem. Phys. 152 154105 (2020);
          URL http://www.quantum-espresso.org", 
     in publications or presentations arising from this work. More details at
     http://www.quantum-espresso.org/quote

     Parallel version (MPI), running on     8 processors

     MPI processes distributed on     1 nodes
     R & G space division:  proc/nbgrp/npool/nimage =       8
     2758 MiB available memory on the printing compute node when the environment starts
 

     Reading xml data from directory:

     ./tmp/mos2.save/
     file Mo.pbe-spn-rrkjus_psl.1.0.0.UPF: wavefunction(s)  4S renormalized

     IMPORTANT: XC functional enforced from input :
     Exchange-correlation= PBE
                           (   1   4   3   4   0   0   0)
     Any further DFT definition will be discarded
     Please, verify this is what you really want

 
     Parallelization info
     --------------------
     sticks:   dense  smooth     PW     G-vecs:    dense   smooth      PW
     Min         148      74     21                30434    10762    1689
     Max         149      75     22                30463    10785    1713
     Sum        1189     595    169               243605    86143   13593
 
     Using Slab Decomposition
 

     negative rho (up, down):  3.851E-04 0.000E+00

     Calling punch_plot, plot_num =  11
     Writing data to file  electrostatic-potential.dat
     Message from routine chdens:
     namelist plot not found or invalid, exiting
 
     POST-PROC    :      1.20s CPU      1.89s WALL

 
   This run was terminated on:   0:13:55  23Sep2026            

=------------------------------------------------------------------------------=
   JOB DONE.
=------------------------------------------------------------------------------=
