     lambda = 3.183516 (   3.183420 )  <log w>=   84.843 K  N(Ef)= 31.637636 at degauss= 0.001
     lambda = 2.726697 (   2.726612 )  <log w>=   85.364 K  N(Ef)= 31.559617 at degauss= 0.002
     lambda = 2.451080 (   2.451001 )  <log w>=   85.664 K  N(Ef)= 30.772452 at degauss= 0.003
     lambda = 2.232886 (   2.232813 )  <log w>=   86.239 K  N(Ef)= 29.802017 at degauss= 0.004
     lambda = 2.041030 (   2.040963 )  <log w>=   86.949 K  N(Ef)= 28.781039 at degauss= 0.005
     lambda = 1.880098 (   1.880036 )  <log w>=   87.735 K  N(Ef)= 27.843457 at degauss= 0.006
     lambda = 1.750656 (   1.750598 )  <log w>=   88.601 K  N(Ef)= 27.081317 at degauss= 0.007
     lambda = 1.647086 (   1.647031 )  <log w>=   89.557 K  N(Ef)= 26.527252 at degauss= 0.008
     lambda = 1.562653 (   1.562601 )  <log w>=   90.600 K  N(Ef)= 26.161898 at degauss= 0.009
     lambda = 1.491445 (   1.491396 )  <log w>=   91.701 K  N(Ef)= 25.941411 at degauss= 0.010
     lambda = 1.429459 (   1.429412 )  <log w>=   92.835 K  N(Ef)= 25.821496 at degauss= 0.011
     lambda = 1.374075 (   1.374030 )  <log w>=   93.995 K  N(Ef)= 25.767946 at degauss= 0.012
     lambda = 1.323578 (   1.323535 )  <log w>=   95.157 K  N(Ef)= 25.757543 at degauss= 0.013
     lambda = 1.277272 (   1.277230 )  <log w>=   96.356 K  N(Ef)= 25.775272 at degauss= 0.014
     lambda = 1.234273 (   1.234233 )  <log w>=   97.552 K  N(Ef)= 25.811204 at degauss= 0.015
     lambda = 1.194098 (   1.194060 )  <log w>=   98.745 K  N(Ef)= 25.858234 at degauss= 0.016
     lambda = 1.156661 (   1.156624 )  <log w>=   99.965 K  N(Ef)= 25.910772 at degauss= 0.017
     lambda = 1.121487 (   1.121452 )  <log w>=  101.162 K  N(Ef)= 25.964117 at degauss= 0.018
     lambda = 1.088623 (   1.088589 )  <log w>=  102.362 K  N(Ef)= 26.014240 at degauss= 0.019
     lambda = 1.057603 (   1.057570 )  <log w>=  103.529 K  N(Ef)= 26.057746 at degauss= 0.020
lambda        omega_log          T_c
   3.18352        84.843             15.658
   2.72670        85.364             14.696
   2.45108        85.664             13.958
   2.23289        86.239             13.317
   2.04103        86.949             12.680
   1.88010        87.735             12.079
   1.75066        88.601             11.551
   1.64709        89.557             11.104
   1.56265        90.600             10.727
   1.49145        91.701             10.397
   1.42946        92.835             10.097
   1.37407        93.995              9.817
   1.32358        95.157              9.547
   1.27727        96.356              9.290
   1.23427        97.552              9.037
   1.19410        98.745              8.787
   1.15666        99.965              8.545
   1.12149       101.162              8.304
   1.08862       102.362              8.069
   1.05760       103.529              7.835
