     lambda = 3.405555 (   3.405453 )  <log w>=   82.396 K  N(Ef)= 25.881772 at degauss= 0.001
     lambda = 2.766416 (   2.766329 )  <log w>=   84.148 K  N(Ef)= 29.975283 at degauss= 0.002
     lambda = 2.459034 (   2.458955 )  <log w>=   85.447 K  N(Ef)= 30.598111 at degauss= 0.003
     lambda = 2.237823 (   2.237751 )  <log w>=   86.178 K  N(Ef)= 29.793451 at degauss= 0.004
     lambda = 2.045189 (   2.045122 )  <log w>=   86.896 K  N(Ef)= 28.780891 at degauss= 0.005
     lambda = 1.883891 (   1.883828 )  <log w>=   87.678 K  N(Ef)= 27.843494 at degauss= 0.006
     lambda = 1.754248 (   1.754190 )  <log w>=   88.547 K  N(Ef)= 27.081362 at degauss= 0.007
     lambda = 1.650478 (   1.650423 )  <log w>=   89.499 K  N(Ef)= 26.527303 at degauss= 0.008
     lambda = 1.565836 (   1.565783 )  <log w>=   90.534 K  N(Ef)= 26.161954 at degauss= 0.009
     lambda = 1.494467 (   1.494417 )  <log w>=   91.633 K  N(Ef)= 25.941471 at degauss= 0.010
     lambda = 1.432352 (   1.432304 )  <log w>=   92.770 K  N(Ef)= 25.821558 at degauss= 0.011
     lambda = 1.376802 (   1.376756 )  <log w>=   93.929 K  N(Ef)= 25.768008 at degauss= 0.012
     lambda = 1.326183 (   1.326139 )  <log w>=   95.095 K  N(Ef)= 25.757606 at degauss= 0.013
     lambda = 1.279677 (   1.279635 )  <log w>=   96.285 K  N(Ef)= 25.775335 at degauss= 0.014
     lambda = 1.236567 (   1.236527 )  <log w>=   97.490 K  N(Ef)= 25.811266 at degauss= 0.015
     lambda = 1.196227 (   1.196188 )  <log w>=   98.683 K  N(Ef)= 25.858296 at degauss= 0.016
     lambda = 1.158556 (   1.158519 )  <log w>=   99.893 K  N(Ef)= 25.910834 at degauss= 0.017
     lambda = 1.123362 (   1.123327 )  <log w>=  101.100 K  N(Ef)= 25.964179 at degauss= 0.018
     lambda = 1.090286 (   1.090252 )  <log w>=  102.292 K  N(Ef)= 26.014301 at degauss= 0.019
     lambda = 1.059142 (   1.059109 )  <log w>=  103.462 K  N(Ef)= 26.057806 at degauss= 0.020
lambda        omega_log          T_c
   3.40555        82.396             15.620
   2.76642        84.148             14.588
   2.45903        85.447             13.947
   2.23782        86.178             13.325
   2.04519        86.896             12.689
   1.88389        87.678             12.089
   1.75425        88.547             11.563
   1.65048        89.499             11.117
   1.56584        90.534             10.739
   1.49447        91.633             10.409
   1.43235        92.770             10.111
   1.37680        93.929              9.831
   1.32618        95.095              9.562
   1.27968        96.285              9.303
   1.23657        97.490              9.051
   1.19623        98.683              8.801
   1.15856        99.893              8.556
   1.12336       101.100              8.317
   1.09029       102.292              8.081
   1.05914       103.462              7.846
