
     Program DOS v.7.5 starts on  3Oct2026 at  3:13:59 

     This program is part of the open-source Quantum ESPRESSO suite
     for quantum simulation of materials; please cite
         "P. Giannozzi et al., J. Phys.:Condens. Matter 21 395502 (2009);
         "P. Giannozzi et al., J. Phys.:Condens. Matter 29 465901 (2017);
         "P. Giannozzi et al., J. Chem. Phys. 152 154105 (2020);
          URL http://www.quantum-espresso.org", 
     in publications or presentations arising from this work. More details at
     http://www.quantum-espresso.org/quote

     Parallel version (MPI), running on    28 processors

     MPI processes distributed on     1 nodes
     R & G space division:  proc/nbgrp/npool/nimage =      28
     10181 MiB available memory on the printing compute node when the environment starts


     Reading xml data from directory:

     ./out/sc2c.save/
     file Sc.pbe-spn-kjpaw_psl.1.0.0.UPF: wavefunction(s)  3S 3P 3D renormalized
     file C.pbe-n-kjpaw_psl.1.0.0.UPF: wavefunction(s)  2S 2P renormalized

     IMPORTANT: XC functional enforced from input :
     Exchange-correlation= VDW-DF3-OPT1
                           (   1   4  45   0   3   0   0)
     Any further DFT definition will be discarded
     Please, verify this is what you really want


     Parallelization info
     --------------------
     sticks:   dense  smooth     PW     G-vecs:    dense   smooth      PW
     Min          79      39     11                35983    12681    1885
     Max          80      40     12                36046    12740    1928
     Sum        2221    1111    313              1008177   356155   53571

     Using Slab Decomposition


     negative rho (up, down):  8.592E-05 0.000E+00


     %%%%%%%%%%%%%%%%%%%%%%%%%%%%%%%%%%%%%%%%%%%%%%%%%%%%%%%%%%%%%%%%%%%%%%%%
     %                                                                      %
     % You are using vdW-DF, which was implemented by the Thonhauser group. %
     % Please cite the following two papers that made this development      %
     % possible and the two reviews that describe the various versions:     %
     %                                                                      %
     %   T. Thonhauser et al., PRL 115, 136402 (2015).                      %
     %   T. Thonhauser et al., PRB 76, 125112 (2007).                       %
     %   K. Berland et al., Rep. Prog. Phys. 78, 066501 (2015).             %
     %   D.C. Langreth et al., J. Phys.: Condens. Matter 21, 084203 (2009). %
     %                                                                      %
     % If you are calculating stress with vdW-DF, please also cite:         %
     %                                                                      %
     %   R. Sabatini et al., J. Phys.: Condens. Matter 24, 424209 (2012).   %
     %                                                                      %
     %%%%%%%%%%%%%%%%%%%%%%%%%%%%%%%%%%%%%%%%%%%%%%%%%%%%%%%%%%%%%%%%%%%%%%%%

     %%%%%%%%%%%%%%%%%%%%%%%%%%%%%%%%%%%%%%%%%%%%%%%%%%%%%%%%%%%%%%%%%%%%%%%%
     %                                                                      %
     %  vdW-DF NEWS:                                                        %
     %                                                                      %
     %  * vdW-DF3 is now available. DOI: 10.1021/acs.jctc.0c00471           %
     %    use with input_dft = 'vdW-DF3-opt1' or 'vdW-DF3-opt2'             %
     %                                                                      %
     %  * Unscreened and range-separated hybrid vdW-DF-cx functionals       %
     %    DOI: 10.1063/1.4986522 and 10.1088/1361-648X/ac2ad2               %
     %    use with input_dft = 'vdW-DF-cx0'    and 'vdW-DF-ahcx'            %
     %  * Unscreened and range-separated hybrid vdW-DF2-b86r functionals    %
     %    DOI: 10.1063/1.4986522 and DOI: 10.1103/PhysRevX.12.041003        %
     %    use with input_dft = 'vdW-DF2-br0' and 'vdW-DF2-ahbr'             %
     %                                                                      %
     %%%%%%%%%%%%%%%%%%%%%%%%%%%%%%%%%%%%%%%%%%%%%%%%%%%%%%%%%%%%%%%%%%%%%%%%



     Gaussian broadening (read from input): ngauss,degauss=   0    0.003700


     DOS          :      7.72s CPU      8.05s WALL


   This run was terminated on:   3:14: 7   3Oct2026            

=------------------------------------------------------------------------------=
   JOB DONE.
=------------------------------------------------------------------------------=
