
     Program BANDS v.7.5 starts on 22Sep2026 at 23:26:56 

     This program is part of the open-source Quantum ESPRESSO suite
     for quantum simulation of materials; please cite
         "P. Giannozzi et al., J. Phys.:Condens. Matter 21 395502 (2009);
         "P. Giannozzi et al., J. Phys.:Condens. Matter 29 465901 (2017);
         "P. Giannozzi et al., J. Chem. Phys. 152 154105 (2020);
          URL http://www.quantum-espresso.org", 
     in publications or presentations arising from this work. More details at
     http://www.quantum-espresso.org/quote

     Parallel version (MPI), running on     8 processors

     MPI processes distributed on     1 nodes
     R & G space division:  proc/nbgrp/npool/nimage =       8
     2354 MiB available memory on the printing compute node when the environment starts
 

     Reading xml data from directory:

     ./tmp/si.save/

     IMPORTANT: XC functional enforced from input :
     Exchange-correlation= PZ
                           (   1   1   0   0   0   0   0)
     Any further DFT definition will be discarded
     Please, verify this is what you really want

 
     Parallelization info
     --------------------
     sticks:   dense  smooth     PW     G-vecs:    dense   smooth      PW
     Min         143     143     43                 2276     2276     376
     Max         144     144     44                 2277     2277     377
     Sum        1151    1151    347                18215    18215    3009
 
     Using Slab Decomposition
 
     Reading collected, re-writing distributed wavefunctions
     high-symmetry point:  0.0000 0.0000 0.0000   x coordinate   0.0000
     high-symmetry point: -1.0000 0.0000 0.0000   x coordinate   1.0000
     high-symmetry point: -1.0000 0.5000 0.0000   x coordinate   1.5000
     high-symmetry point: -0.5000 0.5000 0.5000   x coordinate   2.2071
     high-symmetry point:  0.0000 0.0000 0.0000   x coordinate   3.0731

     Plottable bands (eV) written to file bands.dat.gnu
     Bands written to file bands.dat
 
     BANDS        :      0.06s CPU      0.08s WALL

 
   This run was terminated on:  23:26:56  22Sep2026            

=------------------------------------------------------------------------------=
   JOB DONE.
=------------------------------------------------------------------------------=
